AX_WAIT A little context goes a long way
AX_PRESS Comfortable
AX_PRESS Markdown & code
AX_WAIT Markdown preview
GALLERY_REVEAL_SCROLL Document content bounds (597.5, 872.5, 761.0, 350.0) point (587.5, 717.83)
GALLERY_REVEAL_SCROLL Document content bounds (597.5, 618.5, 761.0, 350.0) point (587.5, 717.83)
DOCUMENT_SCROLL_TARGET [597.5, 543.5, 761.0, 350.0] point (978.0, 718.5)
DOCUMENT_SCROLL_TARGET [597.5, 463.5, 761.0, 350.0] point (978.0, 638.5)
DOCUMENT_CONTROL_CLIPPED Inspect highlighted code (609.5, 745.5, 737.0, 23.0) [597.5, 383.5, 761.0, 350.0]
DOCUMENT_SCROLL_TARGET [597.5, 383.5, 761.0, 350.0] point (978.0, 558.5)
GALLERY_FOCUS_READY Inspect highlighted code requests= 1
AX_WAIT (Data Inspect_code)
GALLERY_FOCUS_READY Summarize native table requests= 1
AX_WAIT (Data Summarize_table)
GALLERY_REVEAL_SCROLL Native review controls bounds (597.5, 777.0, 761.0, 318.0) point (1177.6, 717.83)
GALLERY_FOCUS_READY Review details requests= 1
AX_WAIT (Data Open_badge)
AX_WAIT (Data Open_card)
AX_WAIT (Data Open_card)
GALLERY_FOCUS_READY Review details requests= 1
AX_WAIT (Data Open_badge)
GALLERY_FOCUS_READY Show review end requests= 1
AX_WAIT (Data Open_card)
GALLERY_FOCUS_READY Show review start requests= 1
GALLERY_FOCUS_READY Show review end requests= 1
GALLERY_FOCUS_READY Show review end requests= 2
AX_WAIT (Data Open_card)
GALLERY_FOCUS_READY Show review end requests= 1
AX_WAIT (Data Open_card)
AX_PRESS Runtime & windows
AX_PRESS Refresh resource counts
GALLERY_RESOURCE_SNAPSHOT Images: 1 · Charts: 0 · Canvases: 0
AX_PRESS Refresh resource counts
GALLERY_RESOURCE_SNAPSHOT Images: 0 · Charts: 0 · Canvases: 0
AX_WAIT Documents: 0
AX_WAIT Registered source bytes: 0
GPUIO_DOCUMENT_PROFILE_OK: native actions/plugins, navigation, updates, remount and source release
