GPUIO_IDLE_PERF config (false 60)
GPUIO_IDLE_PERF ready focused
GPUIO_IDLE_PERF begin (focused 119500)
GPUIO_IDLE_PERF state-before (focused(true))
GPUIO_IDLE_PERF finish (focused(Finished(elapsed_ns 60005986416)(capture_ns 383833)(dropped_inputs 0)(counts(0 0 0 0 0))))
GPUIO_IDLE_PERF observations (focused((121250 true(true))(1043401083 true(true))(2042150291 true(true))(3041931333 true(true))(4045178291 true(true))(5040432708 true(true))(6019201666 true(true))(7032068958 true(true))(8040731958 true(true))(9008986416 true(true))(10045852500 true(true))(11046206833 true(true))(12041936000 true(true))(13040652833 true(true))(14010706666 true(true))(15001377250 true(true))(16032289000 true(true))(17019326958 true(true))(18042651416 true(true))(19019809666 true(true))(20043694208 true(true))(21009653750 true(true))(22008417375 true(true))(23031964416 true(true))(24042345208 true(true))(25010645125 true(true))(26001344416 true(true))(27018881916 true(true))(28041120291 true(true))(29040150375 true(true))(30008137000 true(true))(31000977375 true(true))(32042933250 true(true))(33044051750 true(true))(34008132291 true(true))(35010599125 true(true))(36047479375 true(true))(37040479000 true(true))(38018893791 true(true))(39011069000 true(true))(40045654208 true(true))(41018848250 true(true))(42001150250 true(true))(43042060958 true(true))(44047108625 true(true))(45001450041 true(true))(46041856583 true(true))(47010403750 true(true))(48049346750 true(true))(49019385541 true(true))(50041165458 true(true))(51040906708 true(true))(52041503541 true(true))(53045459125 true(true))(54041395500 true(true))(55040376708 true(true))(56045354125 true(true))(57041064208 true(true))(58008486166 true(true))(59040523583 true(true))(60001919958 true(true))))
GPUIO_IDLE_PERF buckets (focused(Buckets(metric 0)(offset 0)(total 0)(values())))
GPUIO_IDLE_PERF buckets (focused(Buckets(metric 1)(offset 0)(total 0)(values())))
GPUIO_IDLE_PERF buckets (focused(Buckets(metric 2)(offset 0)(total 0)(values())))
GPUIO_IDLE_PERF buckets (focused(Buckets(metric 3)(offset 0)(total 0)(values())))
GPUIO_IDLE_PERF buckets (focused(Buckets(metric 4)(offset 0)(total 0)(values())))
GPUIO_IDLE_PERF state-after (focused(true)0)
GPUIO_IDLE_PERF ready unfocused
GPUIO_IDLE_PERF begin (unfocused 589875)
GPUIO_IDLE_PERF state-before (unfocused(false))
GPUIO_IDLE_PERF finish (unfocused(Finished(elapsed_ns 60018199500)(capture_ns 864666)(dropped_inputs 0)(counts(0 0 0 0 0))))
GPUIO_IDLE_PERF observations (unfocused((596750 false(true))(1048136166 false(true))(2017230750 false(true))(3025905708 false(true))(4048186166 false(true))(5044622916 false(true))(6039967750 false(true))(7045112000 false(true))(8047980500 false(true))(9042312041 false(true))(10015532541 false(true))(11048562541 false(true))(12039246083 false(true))(13045974750 false(true))(14046388833 false(true))(15014669791 false(true))(16047793666 false(true))(17025630125 false(true))(18044321250 false(true))(19038344791 false(true))(20038797500 false(true))(21039367625 false(true))(22017776083 false(true))(23016631875 false(true))(24046702708 false(true))(25025610916 false(true))(26047715458 false(true))(27017444833 false(true))(28045015833 false(true))(29047183916 false(true))(30014453166 false(true))(31048598125 false(true))(32047213500 false(true))(33041020625 false(true))(34046848041 false(true))(35014515333 false(true))(36048561083 false(true))(37045072208 false(true))(38045933916 false(true))(39047148541 false(true))(40047285041 false(true))(41040731333 false(true))(42048396666 false(true))(43025785666 false(true))(44044899166 false(true))(45039214500 false(true))(46045698375 false(true))(47041254083 false(true))(48047759416 false(true))(49030004333 false(true))(50015359458 false(true))(51048891750 false(true))(52041345750 false(true))(53048345333 false(true))(54015040291 false(true))(55024949291 false(true))(56046203083 false(true))(57039571916 false(true))(58017416458 false(true))(59025524833 false(true))(60016742291 false(true))))
GPUIO_IDLE_PERF buckets (unfocused(Buckets(metric 0)(offset 0)(total 0)(values())))
GPUIO_IDLE_PERF buckets (unfocused(Buckets(metric 1)(offset 0)(total 0)(values())))
GPUIO_IDLE_PERF buckets (unfocused(Buckets(metric 2)(offset 0)(total 0)(values())))
GPUIO_IDLE_PERF buckets (unfocused(Buckets(metric 3)(offset 0)(total 0)(values())))
GPUIO_IDLE_PERF buckets (unfocused(Buckets(metric 4)(offset 0)(total 0)(values())))
GPUIO_IDLE_PERF state-after (unfocused(false)0)
GPUIO_IDLE_PERF cleanup ((runtime((turns 7607)(clock_ticks 7531)(commits 15)(rendered 15)(completed_jobs 23)))(traffic((submission_attempts 23)(attempted_bytes 2813)(submitted_messages 23)(submitted_bytes 2813)(drain_calls 7607)(drained_bytes 13089)(received_events 80)))(native_command_queue((commands 0)(bytes 0)(peak_bytes 697)))(scopes((scopes 1)(tasks 1)(cleanups 0)))(windows 0)(queued_jobs 0)(queued_commands 0)(pending_requests 0)(assets 0)(asset_uploads 0)(asset_source_bytes 0)(documents 0)(document_source_bytes 0)(charts 0)(chart_data_bytes 0)(canvases 0)(canvas_scene_bytes 0))
GPUIO_IDLE_PERF complete 2
