GPUIO_IDLE_PERF config (false 60)
GPUIO_IDLE_PERF ready focused
GPUIO_IDLE_PERF begin (focused 123542)
GPUIO_IDLE_PERF state-before (focused(true))
GPUIO_IDLE_PERF finish (focused(Finished(elapsed_ns 60008387458)(capture_ns 877541)(dropped_inputs 0)(counts(0 0 0 0 0))))
GPUIO_IDLE_PERF observations (focused((124958 true(true))(1045701125 true(true))(2037390750 true(true))(3045277541 true(true))(4036812375 true(true))(5044911250 true(true))(6044827666 true(true))(7044904208 true(true))(8043756875 true(true))(9035996625 true(true))(10036681916 true(true))(11036592041 true(true))(12045953750 true(true))(13046591000 true(true))(14037720375 true(true))(15037872625 true(true))(16045066166 true(true))(17035997875 true(true))(18044872583 true(true))(19043682833 true(true))(20045183333 true(true))(21045572000 true(true))(22038168000 true(true))(23036740416 true(true))(24036448583 true(true))(25036815541 true(true))(26036239958 true(true))(27036357916 true(true))(28044862833 true(true))(29037398333 true(true))(30045795375 true(true))(31036982625 true(true))(32045144041 true(true))(33046321208 true(true))(34045434791 true(true))(35036393208 true(true))(36046362416 true(true))(37036818333 true(true))(38046137083 true(true))(39036802750 true(true))(40045528708 true(true))(41045970916 true(true))(42046772375 true(true))(43045118250 true(true))(44045163375 true(true))(45044745125 true(true))(46037562000 true(true))(47046090666 true(true))(48045049416 true(true))(49038649625 true(true))(50046556541 true(true))(51045403333 true(true))(52028013750 true(true))(53036808583 true(true))(54027929791 true(true))(55044233625 true(true))(56036060583 true(true))(57037025916 true(true))(58036073375 true(true))(59047206958 true(true))))
GPUIO_IDLE_PERF buckets (focused(Buckets(metric 0)(offset 0)(total 0)(values())))
GPUIO_IDLE_PERF buckets (focused(Buckets(metric 1)(offset 0)(total 0)(values())))
GPUIO_IDLE_PERF buckets (focused(Buckets(metric 2)(offset 0)(total 0)(values())))
GPUIO_IDLE_PERF buckets (focused(Buckets(metric 3)(offset 0)(total 0)(values())))
GPUIO_IDLE_PERF buckets (focused(Buckets(metric 4)(offset 0)(total 0)(values())))
GPUIO_IDLE_PERF state-after (focused(true)0)
GPUIO_IDLE_PERF ready unfocused
GPUIO_IDLE_PERF begin (unfocused 337417)
GPUIO_IDLE_PERF state-before (unfocused(false))
GPUIO_IDLE_PERF finish (unfocused(Finished(elapsed_ns 60014398125)(capture_ns 319250)(dropped_inputs 0)(counts(0 0 0 0 0))))
GPUIO_IDLE_PERF observations (unfocused((344250 false(true))(1041085292 false(true))(2001583792 false(true))(3030882875 false(true))(4040222209 false(true))(5041866792 false(true))(6031455167 false(true))(7001391542 false(true))(8031498709 false(true))(9031153709 false(true))(10031811417 false(true))(11039655459 false(true))(12038481250 false(true))(13042321542 false(true))(14039113709 false(true))(15031751250 false(true))(16032390250 false(true))(17042171500 false(true))(18042383125 false(true))(19031528792 false(true))(20047174125 false(true))(21040073542 false(true))(22042237167 false(true))(23040737750 false(true))(24039272542 false(true))(25046327834 false(true))(26040235375 false(true))(27043187084 false(true))(28039855334 false(true))(29046853750 false(true))(30039483584 false(true))(31009018500 false(true))(32042755917 false(true))(33007515917 false(true))(34049177042 false(true))(35008486917 false(true))(36047698875 false(true))(37041176584 false(true))(38032160334 false(true))(39039749584 false(true))(40001139334 false(true))(41006875042 false(true))(42039990625 false(true))(43045367834 false(true))(44008575917 false(true))(45001358500 false(true))(46031507084 false(true))(47041834167 false(true))(48044136917 false(true))(49041418459 false(true))(50008781084 false(true))(51031911625 false(true))(52040499459 false(true))(53040490125 false(true))(54039891500 false(true))(55031623792 false(true))(56030729584 false(true))(57033003709 false(true))(58040490084 false(true))(59038698709 false(true))))
GPUIO_IDLE_PERF buckets (unfocused(Buckets(metric 0)(offset 0)(total 0)(values())))
GPUIO_IDLE_PERF buckets (unfocused(Buckets(metric 1)(offset 0)(total 0)(values())))
GPUIO_IDLE_PERF buckets (unfocused(Buckets(metric 2)(offset 0)(total 0)(values())))
GPUIO_IDLE_PERF buckets (unfocused(Buckets(metric 3)(offset 0)(total 0)(values())))
GPUIO_IDLE_PERF buckets (unfocused(Buckets(metric 4)(offset 0)(total 0)(values())))
GPUIO_IDLE_PERF state-after (unfocused(false)0)
GPUIO_IDLE_PERF cleanup ((runtime((turns 7610)(clock_ticks 7537)(commits 15)(rendered 14)(completed_jobs 23)))(traffic((submission_attempts 23)(attempted_bytes 2813)(submitted_messages 23)(submitted_bytes 2813)(drain_calls 7610)(drained_bytes 13037)(received_events 79)))(native_command_queue((commands 0)(bytes 0)(peak_bytes 697)))(scopes((scopes 1)(tasks 1)(cleanups 0)))(windows 0)(queued_jobs 0)(queued_commands 0)(pending_requests 0)(assets 0)(asset_uploads 0)(asset_source_bytes 0)(documents 0)(document_source_bytes 0)(charts 0)(chart_data_bytes 0)(canvases 0)(canvas_scene_bytes 0))
GPUIO_IDLE_PERF complete 2
