GPUIO_IDLE_PERF config (false 60)
GPUIO_IDLE_PERF ready focused
GPUIO_IDLE_PERF begin (focused 114000)
GPUIO_IDLE_PERF state-before (focused(true))
GPUIO_IDLE_PERF finish (focused(Finished(elapsed_ns 60014229291)(capture_ns 410583)(dropped_inputs 0)(counts(0 0 0 0 0))))
GPUIO_IDLE_PERF observations (focused((115833 true(true))(1010685750 true(true))(2033113417 true(true))(3000612333 true(true))(4010604333 true(true))(5041952875 true(true))(6033312375 true(true))(7042461125 true(true))(8032659917 true(true))(9042118833 true(true))(10031875125 true(true))(11041680583 true(true))(12042360750 true(true))(13033437958 true(true))(14023952917 true(true))(15032949958 true(true))(16041574250 true(true))(17032316208 true(true))(18002199958 true(true))(19023717917 true(true))(20033343042 true(true))(21011573125 true(true))(22031802458 true(true))(23031861500 true(true))(24041576500 true(true))(25045260625 true(true))(26042460667 true(true))(27033629542 true(true))(28031754583 true(true))(29009907333 true(true))(30045609000 true(true))(31033100875 true(true))(32033781708 true(true))(33023820958 true(true))(34041656542 true(true))(35045973208 true(true))(36019643750 true(true))(37041681542 true(true))(38042555667 true(true))(39023945417 true(true))(40047459667 true(true))(41033898042 true(true))(42039885542 true(true))(43043332375 true(true))(44039788708 true(true))(45041574500 true(true))(46010058417 true(true))(47040352917 true(true))(48043315625 true(true))(49032213708 true(true))(50041528333 true(true))(51032438458 true(true))(52024047292 true(true))(53003000167 true(true))(54032048500 true(true))(55040956417 true(true))(56031797083 true(true))(57040984375 true(true))(58010526333 true(true))(59010122000 true(true))))
GPUIO_IDLE_PERF buckets (focused(Buckets(metric 0)(offset 0)(total 0)(values())))
GPUIO_IDLE_PERF buckets (focused(Buckets(metric 1)(offset 0)(total 0)(values())))
GPUIO_IDLE_PERF buckets (focused(Buckets(metric 2)(offset 0)(total 0)(values())))
GPUIO_IDLE_PERF buckets (focused(Buckets(metric 3)(offset 0)(total 0)(values())))
GPUIO_IDLE_PERF buckets (focused(Buckets(metric 4)(offset 0)(total 0)(values())))
GPUIO_IDLE_PERF state-after (focused(true)0)
GPUIO_IDLE_PERF ready unfocused
GPUIO_IDLE_PERF begin (unfocused 386042)
GPUIO_IDLE_PERF state-before (unfocused(false))
GPUIO_IDLE_PERF finish (unfocused(Finished(elapsed_ns 60009247375)(capture_ns 323833)(dropped_inputs 0)(counts(0 0 0 0 0))))
GPUIO_IDLE_PERF observations (unfocused((392792 false(true))(1030868708 false(true))(2046645583 false(true))(3020686458 false(true))(4037435875 false(true))(5037295583 false(true))(6038397250 false(true))(7043431625 false(true))(8030640208 false(true))(9030222333 false(true))(10039397958 false(true))(11047561083 false(true))(12029891833 false(true))(13039723708 false(true))(14007557708 false(true))(15037489750 false(true))(16030335458 false(true))(17030359000 false(true))(18000257375 false(true))(19038262833 false(true))(20039326125 false(true))(21038611917 false(true))(22028889417 false(true))(23029923500 false(true))(24046442292 false(true))(25036870458 false(true))(26038805458 false(true))(27039228042 false(true))(28007384167 false(true))(29046906083 false(true))(30038681375 false(true))(31029795042 false(true))(32037703250 false(true))(33036669375 false(true))(34046818458 false(true))(35047201250 false(true))(36036823375 false(true))(37047105375 false(true))(38040168500 false(true))(39037014375 false(true))(40029482625 false(true))(41039353292 false(true))(42039200625 false(true))(43029387583 false(true))(44037466542 false(true))(45039719917 false(true))(46028854458 false(true))(47045663667 false(true))(48038370333 false(true))(49030503500 false(true))(50037002333 false(true))(51029518208 false(true))(52047027500 false(true))(53037707875 false(true))(54037943167 false(true))(55039759792 false(true))(56008390625 false(true))(57029478083 false(true))(58037655417 false(true))(59038657167 false(true))))
GPUIO_IDLE_PERF buckets (unfocused(Buckets(metric 0)(offset 0)(total 0)(values())))
GPUIO_IDLE_PERF buckets (unfocused(Buckets(metric 1)(offset 0)(total 0)(values())))
GPUIO_IDLE_PERF buckets (unfocused(Buckets(metric 2)(offset 0)(total 0)(values())))
GPUIO_IDLE_PERF buckets (unfocused(Buckets(metric 3)(offset 0)(total 0)(values())))
GPUIO_IDLE_PERF buckets (unfocused(Buckets(metric 4)(offset 0)(total 0)(values())))
GPUIO_IDLE_PERF state-after (unfocused(false)0)
GPUIO_IDLE_PERF cleanup ((runtime((turns 7600)(clock_ticks 7527)(commits 15)(rendered 15)(completed_jobs 23)))(traffic((submission_attempts 23)(attempted_bytes 2813)(submitted_messages 23)(submitted_bytes 2813)(drain_calls 7600)(drained_bytes 13031)(received_events 80)))(native_command_queue((commands 0)(bytes 0)(peak_bytes 697)))(scopes((scopes 1)(tasks 1)(cleanups 0)))(windows 0)(queued_jobs 0)(queued_commands 0)(pending_requests 0)(assets 0)(asset_uploads 0)(asset_source_bytes 0)(documents 0)(document_source_bytes 0)(charts 0)(chart_data_bytes 0)(canvases 0)(canvas_scene_bytes 0))
GPUIO_IDLE_PERF complete 2
