foundation (macos-15)	Assemble macOS runtime qualification inputs	﻿2026-10-05T10:20:58.9176810Z ##[group]Run python3 scripts/ci_macos_package_transfer.py stage \
foundation (macos-15)	Assemble macOS runtime qualification inputs	2026-10-05T10:20:58.9177360Z [36;1mpython3 scripts/ci_macos_package_transfer.py stage \[0m
foundation (macos-15)	Assemble macOS runtime qualification inputs	2026-10-05T10:20:58.9177790Z [36;1m  --directory .cache/macos-runtime-inputs --revision "$GITHUB_SHA" \[0m
foundation (macos-15)	Assemble macOS runtime qualification inputs	2026-10-05T10:20:58.9178490Z [36;1m  2>&1 | tee .cache/ci/macos-package-transfer.log[0m
foundation (macos-15)	Assemble macOS runtime qualification inputs	2026-10-05T10:20:58.9228140Z shell: /bin/bash --noprofile --norc -e -o pipefail {0}
foundation (macos-15)	Assemble macOS runtime qualification inputs	2026-10-05T10:20:58.9228520Z env:
foundation (macos-15)	Assemble macOS runtime qualification inputs	2026-10-05T10:20:58.9228730Z   GPUIO_JOBS: 3
foundation (macos-15)	Assemble macOS runtime qualification inputs	2026-10-05T10:20:58.9228930Z   CARGO_TERM_COLOR: never
foundation (macos-15)	Assemble macOS runtime qualification inputs	2026-10-05T10:20:58.9229180Z   CARGO_INCREMENTAL: 0
foundation (macos-15)	Assemble macOS runtime qualification inputs	2026-10-05T10:20:58.9229360Z ##[endgroup]
foundation (macos-15)	Assemble macOS runtime qualification inputs	2026-10-05T10:21:15.2252330Z {
foundation (macos-15)	Assemble macOS runtime qualification inputs	2026-10-05T10:21:15.2253490Z   "schema_version": 1,
foundation (macos-15)	Assemble macOS runtime qualification inputs	2026-10-05T10:21:15.2253840Z   "complete": true,
foundation (macos-15)	Assemble macOS runtime qualification inputs	2026-10-05T10:21:15.2254250Z   "source_revision": "689b3fca50af5d0faad6629718cdc174a901243e",
foundation (macos-15)	Assemble macOS runtime qualification inputs	2026-10-05T10:21:15.2259100Z   "source_scope": "build-job checkout; build job must build these executables at this revision",
foundation (macos-15)	Assemble macOS runtime qualification inputs	2026-10-05T10:21:15.2260110Z   "github_run_id": "37286788836",
foundation (macos-15)	Assemble macOS runtime qualification inputs	2026-10-05T10:21:15.2260530Z   "github_run_attempt": "1",
foundation (macos-15)	Assemble macOS runtime qualification inputs	2026-10-05T10:21:15.2260870Z   "producer_platform": "macOS-15.7.9-arm64-arm-64bit-Mach-O",
foundation (macos-15)	Assemble macOS runtime qualification inputs	2026-10-05T10:21:15.2261470Z   "qualification": "internal ad-hoc runtime inputs; notices incomplete; not release artifacts",
foundation (macos-15)	Assemble macOS runtime qualification inputs	2026-10-05T10:21:15.2261990Z   "applications": {
foundation (macos-15)	Assemble macOS runtime qualification inputs	2026-10-05T10:21:15.2262210Z     "agent_chat": {
foundation (macos-15)	Assemble macOS runtime qualification inputs	2026-10-05T10:21:15.2262620Z       "package_sha256": "9f589b74d31bbad95bc919aff13ca36402c374ed832e9706b306d8b188de195d",
foundation (macos-15)	Assemble macOS runtime qualification inputs	2026-10-05T10:21:15.2263290Z       "archive_sha256": "0cac8f7afd2e50213e3c337dd63b1800aaef74ed2b74752f1eb37fe6ef6cbcbd",
foundation (macos-15)	Assemble macOS runtime qualification inputs	2026-10-05T10:21:15.2263870Z       "executable_sha256": "19c1c1ac5074fc97d74e3f074627d9dd5bc0034ac19025723bf6276c68136075"
foundation (macos-15)	Assemble macOS runtime qualification inputs	2026-10-05T10:21:15.2264360Z     },
foundation (macos-15)	Assemble macOS runtime qualification inputs	2026-10-05T10:21:15.2264600Z     "gallery": {
foundation (macos-15)	Assemble macOS runtime qualification inputs	2026-10-05T10:21:15.2265080Z       "package_sha256": "e8182eb56b95dcd356aaa6d89257c4ba0f4354207770b7224127915971df1d8d",
foundation (macos-15)	Assemble macOS runtime qualification inputs	2026-10-05T10:21:15.2265720Z       "archive_sha256": "42a342ded5e6718a50072008b93688723e7bd0bebd627cafd99b54d77434808f",
foundation (macos-15)	Assemble macOS runtime qualification inputs	2026-10-05T10:21:15.2266270Z       "executable_sha256": "d35a6a08c8ba7285b0b478c96f9fce451089bd2d5fc41179b8b99a11412af888"
foundation (macos-15)	Assemble macOS runtime qualification inputs	2026-10-05T10:21:15.2266750Z     },
foundation (macos-15)	Assemble macOS runtime qualification inputs	2026-10-05T10:21:15.2267000Z     "signal_studio": {
foundation (macos-15)	Assemble macOS runtime qualification inputs	2026-10-05T10:21:15.2267440Z       "package_sha256": "21d4de2916cfb3efc3d99ff95b378780be8f76783f79236b01ff931accfd0061",
foundation (macos-15)	Assemble macOS runtime qualification inputs	2026-10-05T10:21:15.2268040Z       "archive_sha256": "93fad7b98b5b43c9419561b5dcebcdfdac34fee765437f760bf1501733abbcd9",
foundation (macos-15)	Assemble macOS runtime qualification inputs	2026-10-05T10:21:15.2268670Z       "executable_sha256": "1e6c015a01aaf31139c509e59274ec4efe65d32a79cbbc93ada339f78d9250df"
foundation (macos-15)	Assemble macOS runtime qualification inputs	2026-10-05T10:21:15.2269170Z     }
foundation (macos-15)	Assemble macOS runtime qualification inputs	2026-10-05T10:21:15.2269350Z   }
foundation (macos-15)	Assemble macOS runtime qualification inputs	2026-10-05T10:21:15.2269580Z }
macOS extracted apps (fresh runner)	Set up job	﻿2026-10-05T10:21:40.9455340Z Current runner version: '2.337.0'
macOS extracted apps (fresh runner)	Set up job	2026-10-05T10:21:40.9471050Z ##[group]Runner Image Provisioner
macOS extracted apps (fresh runner)	Set up job	2026-10-05T10:21:40.9471610Z Hosted Compute Agent
macOS extracted apps (fresh runner)	Set up job	2026-10-05T10:21:40.9472010Z Version: 20260828.587
macOS extracted apps (fresh runner)	Set up job	2026-10-05T10:21:40.9472500Z Commit: abac92662cab4cc7352de4f9f9d2e2419aad9c29
macOS extracted apps (fresh runner)	Set up job	2026-10-05T10:21:40.9472980Z Build Date: 2026-08-28T16:44:25Z
macOS extracted apps (fresh runner)	Set up job	2026-10-05T10:21:40.9473450Z Worker ID: {a08651ae-bf66-4e4a-8e3f-385b3e921ed8}
macOS extracted apps (fresh runner)	Set up job	2026-10-05T10:21:40.9473930Z Azure Region: westus
macOS extracted apps (fresh runner)	Set up job	2026-10-05T10:21:40.9474300Z ##[endgroup]
macOS extracted apps (fresh runner)	Set up job	2026-10-05T10:21:40.9475150Z ##[group]Operating System
macOS extracted apps (fresh runner)	Set up job	2026-10-05T10:21:40.9475550Z macOS
macOS extracted apps (fresh runner)	Set up job	2026-10-05T10:21:40.9475970Z 15.7.9
macOS extracted apps (fresh runner)	Set up job	2026-10-05T10:21:40.9476320Z 24G830
macOS extracted apps (fresh runner)	Set up job	2026-10-05T10:21:40.9476660Z ##[endgroup]
macOS extracted apps (fresh runner)	Set up job	2026-10-05T10:21:40.9477090Z ##[group]Runner Image
macOS extracted apps (fresh runner)	Set up job	2026-10-05T10:21:40.9477500Z Image: macos-15-arm64
macOS extracted apps (fresh runner)	Set up job	2026-10-05T10:21:40.9477970Z Version: 20260907.0337.1
macOS extracted apps (fresh runner)	Set up job	2026-10-05T10:21:40.9478720Z Included Software: https://github.com/actions/runner-images/blob/macos-15-arm64/20260907.0337/images/macos/macos-15-arm64-Readme.md
macOS extracted apps (fresh runner)	Set up job	2026-10-05T10:21:40.9479880Z Image Release: https://github.com/actions/runner-images/releases/tag/macos-15-arm64%2F20260907.0337
macOS extracted apps (fresh runner)	Set up job	2026-10-05T10:21:40.9480780Z ##[endgroup]
macOS extracted apps (fresh runner)	Set up job	2026-10-05T10:21:40.9481540Z ##[group]GITHUB_TOKEN Permissions
macOS extracted apps (fresh runner)	Set up job	2026-10-05T10:21:40.9482760Z Contents: read
macOS extracted apps (fresh runner)	Set up job	2026-10-05T10:21:40.9483240Z Metadata: read
macOS extracted apps (fresh runner)	Set up job	2026-10-05T10:21:40.9483610Z ##[endgroup]
macOS extracted apps (fresh runner)	Set up job	2026-10-05T10:21:40.9485030Z Secret source: Actions
macOS extracted apps (fresh runner)	Set up job	2026-10-05T10:21:40.9485660Z Cache mode: write
macOS extracted apps (fresh runner)	Set up job	2026-10-05T10:21:40.9486130Z Prepare workflow directory
macOS extracted apps (fresh runner)	Set up job	2026-10-05T10:21:40.9790880Z Prepare all required actions
macOS extracted apps (fresh runner)	Set up job	2026-10-05T10:21:40.9829100Z Getting action download info
macOS extracted apps (fresh runner)	Set up job	2026-10-05T10:21:41.4438550Z Download action repository 'actions/checkout@11d5960a326750d5838078e36cf38b85af677262' (SHA:11d5960a326750d5838078e36cf38b85af677262)
macOS extracted apps (fresh runner)	Set up job	2026-10-05T10:21:41.9253620Z Download action repository 'actions/download-artifact@d3f86a106a0bac45b974a628896c90dbdf5c8093' (SHA:d3f86a106a0bac45b974a628896c90dbdf5c8093)
macOS extracted apps (fresh runner)	Set up job	2026-10-05T10:21:42.3733370Z Download action repository 'actions/upload-artifact@ea165f8d65b6e75b540449e92b4886f43607fa02' (SHA:ea165f8d65b6e75b540449e92b4886f43607fa02)
macOS extracted apps (fresh runner)	Set up job	2026-10-05T10:21:42.6256520Z Complete job name: macOS extracted apps (fresh runner)
macOS extracted apps (fresh runner)	Run actions/checkout@11d5960a326750d5838078e36cf38b85af677262	﻿2026-10-05T10:21:42.7054740Z ##[group]Run actions/checkout@11d5960a326750d5838078e36cf38b85af677262
macOS extracted apps (fresh runner)	Run actions/checkout@11d5960a326750d5838078e36cf38b85af677262	2026-10-05T10:21:42.7055480Z with:
macOS extracted apps (fresh runner)	Run actions/checkout@11d5960a326750d5838078e36cf38b85af677262	2026-10-05T10:21:42.7055820Z   repository: dakotamurphyucf/gpuio
macOS extracted apps (fresh runner)	Run actions/checkout@11d5960a326750d5838078e36cf38b85af677262	2026-10-05T10:21:42.7059280Z   token: ***
macOS extracted apps (fresh runner)	Run actions/checkout@11d5960a326750d5838078e36cf38b85af677262	2026-10-05T10:21:42.7059680Z   ssh-strict: true
macOS extracted apps (fresh runner)	Run actions/checkout@11d5960a326750d5838078e36cf38b85af677262	2026-10-05T10:21:42.7059990Z   ssh-user: git
macOS extracted apps (fresh runner)	Run actions/checkout@11d5960a326750d5838078e36cf38b85af677262	2026-10-05T10:21:42.7060310Z   persist-credentials: true
macOS extracted apps (fresh runner)	Run actions/checkout@11d5960a326750d5838078e36cf38b85af677262	2026-10-05T10:21:42.7060650Z   clean: true
macOS extracted apps (fresh runner)	Run actions/checkout@11d5960a326750d5838078e36cf38b85af677262	2026-10-05T10:21:42.7060980Z   sparse-checkout-cone-mode: true
macOS extracted apps (fresh runner)	Run actions/checkout@11d5960a326750d5838078e36cf38b85af677262	2026-10-05T10:21:42.7061430Z   fetch-depth: 1
macOS extracted apps (fresh runner)	Run actions/checkout@11d5960a326750d5838078e36cf38b85af677262	2026-10-05T10:21:42.7061740Z   fetch-tags: false
macOS extracted apps (fresh runner)	Run actions/checkout@11d5960a326750d5838078e36cf38b85af677262	2026-10-05T10:21:42.7062060Z   show-progress: true
macOS extracted apps (fresh runner)	Run actions/checkout@11d5960a326750d5838078e36cf38b85af677262	2026-10-05T10:21:42.7062400Z   lfs: false
macOS extracted apps (fresh runner)	Run actions/checkout@11d5960a326750d5838078e36cf38b85af677262	2026-10-05T10:21:42.7062700Z   submodules: false
macOS extracted apps (fresh runner)	Run actions/checkout@11d5960a326750d5838078e36cf38b85af677262	2026-10-05T10:21:42.7063020Z   set-safe-directory: true
macOS extracted apps (fresh runner)	Run actions/checkout@11d5960a326750d5838078e36cf38b85af677262	2026-10-05T10:21:42.7063490Z   allow-unsafe-pr-checkout: false
macOS extracted apps (fresh runner)	Run actions/checkout@11d5960a326750d5838078e36cf38b85af677262	2026-10-05T10:21:42.7063990Z ##[endgroup]
macOS extracted apps (fresh runner)	Run actions/checkout@11d5960a326750d5838078e36cf38b85af677262	2026-10-05T10:21:43.1951930Z Syncing repository: dakotamurphyucf/gpuio
macOS extracted apps (fresh runner)	Run actions/checkout@11d5960a326750d5838078e36cf38b85af677262	2026-10-05T10:21:43.1962100Z ##[group]Getting Git version info
macOS extracted apps (fresh runner)	Run actions/checkout@11d5960a326750d5838078e36cf38b85af677262	2026-10-05T10:21:43.1965200Z Working directory is '/Users/runner/work/gpuio/gpuio'
macOS extracted apps (fresh runner)	Run actions/checkout@11d5960a326750d5838078e36cf38b85af677262	2026-10-05T10:21:43.1966830Z [command]/opt/homebrew/bin/git version
macOS extracted apps (fresh runner)	Run actions/checkout@11d5960a326750d5838078e36cf38b85af677262	2026-10-05T10:21:43.2265260Z git version 2.55.0
macOS extracted apps (fresh runner)	Run actions/checkout@11d5960a326750d5838078e36cf38b85af677262	2026-10-05T10:21:43.2330800Z ##[endgroup]
macOS extracted apps (fresh runner)	Run actions/checkout@11d5960a326750d5838078e36cf38b85af677262	2026-10-05T10:21:43.2334690Z Copying '/Users/runner/.gitconfig' to '/Users/runner/work/_temp/520606d5-de9d-42ef-8f2b-fcd4ed936b39/.gitconfig'
macOS extracted apps (fresh runner)	Run actions/checkout@11d5960a326750d5838078e36cf38b85af677262	2026-10-05T10:21:43.2335810Z Temporarily overriding HOME='/Users/runner/work/_temp/520606d5-de9d-42ef-8f2b-fcd4ed936b39' before making global git config changes
macOS extracted apps (fresh runner)	Run actions/checkout@11d5960a326750d5838078e36cf38b85af677262	2026-10-05T10:21:43.2336890Z Adding repository directory to the temporary git global config as a safe directory
macOS extracted apps (fresh runner)	Run actions/checkout@11d5960a326750d5838078e36cf38b85af677262	2026-10-05T10:21:43.2337850Z [command]/opt/homebrew/bin/git config --global --add safe.directory /Users/runner/work/gpuio/gpuio
macOS extracted apps (fresh runner)	Run actions/checkout@11d5960a326750d5838078e36cf38b85af677262	2026-10-05T10:21:43.2377300Z Deleting the contents of '/Users/runner/work/gpuio/gpuio'
macOS extracted apps (fresh runner)	Run actions/checkout@11d5960a326750d5838078e36cf38b85af677262	2026-10-05T10:21:43.2391660Z ##[group]Initializing the repository
macOS extracted apps (fresh runner)	Run actions/checkout@11d5960a326750d5838078e36cf38b85af677262	2026-10-05T10:21:43.2392690Z [command]/opt/homebrew/bin/git init /Users/runner/work/gpuio/gpuio
macOS extracted apps (fresh runner)	Run actions/checkout@11d5960a326750d5838078e36cf38b85af677262	2026-10-05T10:21:43.4059610Z hint: Using 'master' as the name for the initial branch. This default branch name
macOS extracted apps (fresh runner)	Run actions/checkout@11d5960a326750d5838078e36cf38b85af677262	2026-10-05T10:21:43.4060950Z hint: will change to "main" in Git 3.0. To configure the initial branch name
macOS extracted apps (fresh runner)	Run actions/checkout@11d5960a326750d5838078e36cf38b85af677262	2026-10-05T10:21:43.4083170Z hint: to use in all of your new repositories, which will suppress this warning,
macOS extracted apps (fresh runner)	Run actions/checkout@11d5960a326750d5838078e36cf38b85af677262	2026-10-05T10:21:43.4116920Z hint: call:
macOS extracted apps (fresh runner)	Run actions/checkout@11d5960a326750d5838078e36cf38b85af677262	2026-10-05T10:21:43.4135440Z hint:
macOS extracted apps (fresh runner)	Run actions/checkout@11d5960a326750d5838078e36cf38b85af677262	2026-10-05T10:21:43.4136290Z hint: 	git config --global init.defaultBranch <name>
macOS extracted apps (fresh runner)	Run actions/checkout@11d5960a326750d5838078e36cf38b85af677262	2026-10-05T10:21:43.4136930Z hint:
macOS extracted apps (fresh runner)	Run actions/checkout@11d5960a326750d5838078e36cf38b85af677262	2026-10-05T10:21:43.4137570Z hint: Names commonly chosen instead of 'master' are 'main', 'trunk' and
macOS extracted apps (fresh runner)	Run actions/checkout@11d5960a326750d5838078e36cf38b85af677262	2026-10-05T10:21:43.4138410Z hint: 'development'. The just-created branch can be renamed via this command:
macOS extracted apps (fresh runner)	Run actions/checkout@11d5960a326750d5838078e36cf38b85af677262	2026-10-05T10:21:43.4139150Z hint:
macOS extracted apps (fresh runner)	Run actions/checkout@11d5960a326750d5838078e36cf38b85af677262	2026-10-05T10:21:43.4139830Z hint: 	git branch -m <name>
macOS extracted apps (fresh runner)	Run actions/checkout@11d5960a326750d5838078e36cf38b85af677262	2026-10-05T10:21:43.4140990Z hint:
macOS extracted apps (fresh runner)	Run actions/checkout@11d5960a326750d5838078e36cf38b85af677262	2026-10-05T10:21:43.4141630Z hint: Disable this message with "git config set advice.defaultBranchName false"
macOS extracted apps (fresh runner)	Run actions/checkout@11d5960a326750d5838078e36cf38b85af677262	2026-10-05T10:21:43.4142740Z Initialized empty Git repository in /Users/runner/work/gpuio/gpuio/.git/
macOS extracted apps (fresh runner)	Run actions/checkout@11d5960a326750d5838078e36cf38b85af677262	2026-10-05T10:21:43.4216550Z [command]/opt/homebrew/bin/git remote add origin https://github.com/dakotamurphyucf/gpuio
macOS extracted apps (fresh runner)	Run actions/checkout@11d5960a326750d5838078e36cf38b85af677262	2026-10-05T10:21:43.4218970Z ##[endgroup]
macOS extracted apps (fresh runner)	Run actions/checkout@11d5960a326750d5838078e36cf38b85af677262	2026-10-05T10:21:43.4219800Z ##[group]Disabling automatic garbage collection
macOS extracted apps (fresh runner)	Run actions/checkout@11d5960a326750d5838078e36cf38b85af677262	2026-10-05T10:21:43.4220530Z [command]/opt/homebrew/bin/git config --local gc.auto 0
macOS extracted apps (fresh runner)	Run actions/checkout@11d5960a326750d5838078e36cf38b85af677262	2026-10-05T10:21:43.4228010Z ##[endgroup]
macOS extracted apps (fresh runner)	Run actions/checkout@11d5960a326750d5838078e36cf38b85af677262	2026-10-05T10:21:43.4229000Z ##[group]Setting up auth
macOS extracted apps (fresh runner)	Run actions/checkout@11d5960a326750d5838078e36cf38b85af677262	2026-10-05T10:21:43.4233280Z [command]/opt/homebrew/bin/git config --local --name-only --get-regexp core\.sshCommand
macOS extracted apps (fresh runner)	Run actions/checkout@11d5960a326750d5838078e36cf38b85af677262	2026-10-05T10:21:43.4331350Z [command]/opt/homebrew/bin/git submodule foreach --recursive sh -c "git config --local --name-only --get-regexp 'core\.sshCommand' && git config --local --unset-all 'core.sshCommand' || :"
macOS extracted apps (fresh runner)	Run actions/checkout@11d5960a326750d5838078e36cf38b85af677262	2026-10-05T10:21:43.5754590Z [command]/opt/homebrew/bin/git config --local --name-only --get-regexp http\.https\:\/\/github\.com\/\.extraheader
macOS extracted apps (fresh runner)	Run actions/checkout@11d5960a326750d5838078e36cf38b85af677262	2026-10-05T10:21:43.5819980Z [command]/opt/homebrew/bin/git submodule foreach --recursive sh -c "git config --local --name-only --get-regexp 'http\.https\:\/\/github\.com\/\.extraheader' && git config --local --unset-all 'http.https://github.com/.extraheader' || :"
macOS extracted apps (fresh runner)	Run actions/checkout@11d5960a326750d5838078e36cf38b85af677262	2026-10-05T10:21:43.7267330Z [command]/opt/homebrew/bin/git config --local --name-only --get-regexp ^includeIf\.gitdir:
macOS extracted apps (fresh runner)	Run actions/checkout@11d5960a326750d5838078e36cf38b85af677262	2026-10-05T10:21:43.7583210Z [command]/opt/homebrew/bin/git submodule foreach --recursive git config --local --show-origin --name-only --get-regexp remote.origin.url
macOS extracted apps (fresh runner)	Run actions/checkout@11d5960a326750d5838078e36cf38b85af677262	2026-10-05T10:21:43.8587070Z [command]/opt/homebrew/bin/git config --local http.https://github.com/.extraheader AUTHORIZATION: basic ***
macOS extracted apps (fresh runner)	Run actions/checkout@11d5960a326750d5838078e36cf38b85af677262	2026-10-05T10:21:43.8658020Z ##[endgroup]
macOS extracted apps (fresh runner)	Run actions/checkout@11d5960a326750d5838078e36cf38b85af677262	2026-10-05T10:21:43.8661000Z ##[group]Fetching the repository
macOS extracted apps (fresh runner)	Run actions/checkout@11d5960a326750d5838078e36cf38b85af677262	2026-10-05T10:21:43.8671930Z [command]/opt/homebrew/bin/git -c protocol.version=2 fetch --no-tags --prune --no-recurse-submodules --depth=1 origin +689b3fca50af5d0faad6629718cdc174a901243e:refs/remotes/pull/16/merge
macOS extracted apps (fresh runner)	Run actions/checkout@11d5960a326750d5838078e36cf38b85af677262	2026-10-05T10:21:47.3121210Z From https://github.com/dakotamurphyucf/gpuio
macOS extracted apps (fresh runner)	Run actions/checkout@11d5960a326750d5838078e36cf38b85af677262	2026-10-05T10:21:47.3122500Z  * [new ref]         689b3fca50af5d0faad6629718cdc174a901243e -> pull/16/merge
macOS extracted apps (fresh runner)	Run actions/checkout@11d5960a326750d5838078e36cf38b85af677262	2026-10-05T10:21:47.3125410Z ##[endgroup]
macOS extracted apps (fresh runner)	Run actions/checkout@11d5960a326750d5838078e36cf38b85af677262	2026-10-05T10:21:47.3126120Z ##[group]Determining the checkout info
macOS extracted apps (fresh runner)	Run actions/checkout@11d5960a326750d5838078e36cf38b85af677262	2026-10-05T10:21:47.3126770Z ##[endgroup]
macOS extracted apps (fresh runner)	Run actions/checkout@11d5960a326750d5838078e36cf38b85af677262	2026-10-05T10:21:47.3129560Z [command]/opt/homebrew/bin/git sparse-checkout disable
macOS extracted apps (fresh runner)	Run actions/checkout@11d5960a326750d5838078e36cf38b85af677262	2026-10-05T10:21:47.3234540Z [command]/opt/homebrew/bin/git config --local --unset-all extensions.worktreeConfig
macOS extracted apps (fresh runner)	Run actions/checkout@11d5960a326750d5838078e36cf38b85af677262	2026-10-05T10:21:47.3361960Z ##[group]Checking out the ref
macOS extracted apps (fresh runner)	Run actions/checkout@11d5960a326750d5838078e36cf38b85af677262	2026-10-05T10:21:47.3364660Z [command]/opt/homebrew/bin/git checkout --progress --force refs/remotes/pull/16/merge
macOS extracted apps (fresh runner)	Run actions/checkout@11d5960a326750d5838078e36cf38b85af677262	2026-10-05T10:21:48.4315050Z Updating files:  79% (5140/6485)
macOS extracted apps (fresh runner)	Run actions/checkout@11d5960a326750d5838078e36cf38b85af677262	2026-10-05T10:21:48.4393090Z Updating files:  80% (5188/6485)
macOS extracted apps (fresh runner)	Run actions/checkout@11d5960a326750d5838078e36cf38b85af677262	2026-10-05T10:21:48.4493890Z Updating files:  81% (5253/6485)
macOS extracted apps (fresh runner)	Run actions/checkout@11d5960a326750d5838078e36cf38b85af677262	2026-10-05T10:21:48.4570190Z Updating files:  82% (5318/6485)
macOS extracted apps (fresh runner)	Run actions/checkout@11d5960a326750d5838078e36cf38b85af677262	2026-10-05T10:21:48.4643610Z Updating files:  83% (5383/6485)
macOS extracted apps (fresh runner)	Run actions/checkout@11d5960a326750d5838078e36cf38b85af677262	2026-10-05T10:21:48.4764390Z Updating files:  84% (5448/6485)
macOS extracted apps (fresh runner)	Run actions/checkout@11d5960a326750d5838078e36cf38b85af677262	2026-10-05T10:21:48.4852300Z Updating files:  85% (5513/6485)
macOS extracted apps (fresh runner)	Run actions/checkout@11d5960a326750d5838078e36cf38b85af677262	2026-10-05T10:21:48.5145370Z Updating files:  86% (5578/6485)
macOS extracted apps (fresh runner)	Run actions/checkout@11d5960a326750d5838078e36cf38b85af677262	2026-10-05T10:21:48.5254380Z Updating files:  87% (5642/6485)
macOS extracted apps (fresh runner)	Run actions/checkout@11d5960a326750d5838078e36cf38b85af677262	2026-10-05T10:21:48.5453440Z Updating files:  88% (5707/6485)
macOS extracted apps (fresh runner)	Run actions/checkout@11d5960a326750d5838078e36cf38b85af677262	2026-10-05T10:21:48.5555330Z Updating files:  89% (5772/6485)
macOS extracted apps (fresh runner)	Run actions/checkout@11d5960a326750d5838078e36cf38b85af677262	2026-10-05T10:21:48.5628610Z Updating files:  90% (5837/6485)
macOS extracted apps (fresh runner)	Run actions/checkout@11d5960a326750d5838078e36cf38b85af677262	2026-10-05T10:21:48.5784790Z Updating files:  91% (5902/6485)
macOS extracted apps (fresh runner)	Run actions/checkout@11d5960a326750d5838078e36cf38b85af677262	2026-10-05T10:21:48.5906870Z Updating files:  92% (5967/6485)
macOS extracted apps (fresh runner)	Run actions/checkout@11d5960a326750d5838078e36cf38b85af677262	2026-10-05T10:21:48.5991620Z Updating files:  93% (6032/6485)
macOS extracted apps (fresh runner)	Run actions/checkout@11d5960a326750d5838078e36cf38b85af677262	2026-10-05T10:21:48.6076620Z Updating files:  94% (6096/6485)
macOS extracted apps (fresh runner)	Run actions/checkout@11d5960a326750d5838078e36cf38b85af677262	2026-10-05T10:21:48.6171830Z Updating files:  95% (6161/6485)
macOS extracted apps (fresh runner)	Run actions/checkout@11d5960a326750d5838078e36cf38b85af677262	2026-10-05T10:21:48.6302360Z Updating files:  96% (6226/6485)
macOS extracted apps (fresh runner)	Run actions/checkout@11d5960a326750d5838078e36cf38b85af677262	2026-10-05T10:21:48.6378050Z Updating files:  97% (6291/6485)
macOS extracted apps (fresh runner)	Run actions/checkout@11d5960a326750d5838078e36cf38b85af677262	2026-10-05T10:21:48.6475180Z Updating files:  98% (6356/6485)
macOS extracted apps (fresh runner)	Run actions/checkout@11d5960a326750d5838078e36cf38b85af677262	2026-10-05T10:21:48.6623110Z Updating files:  99% (6421/6485)
macOS extracted apps (fresh runner)	Run actions/checkout@11d5960a326750d5838078e36cf38b85af677262	2026-10-05T10:21:48.6714350Z Updating files: 100% (6485/6485)
macOS extracted apps (fresh runner)	Run actions/checkout@11d5960a326750d5838078e36cf38b85af677262	2026-10-05T10:21:48.6717070Z Updating files: 100% (6485/6485), done.
macOS extracted apps (fresh runner)	Run actions/checkout@11d5960a326750d5838078e36cf38b85af677262	2026-10-05T10:21:48.6756870Z HEAD is now at 689b3fc Merge 56885cf843082b04a5332e8f4a6d002eb143bfa9 into af7f6f0c0f9db1c64a8591d9e9a078aa73eacdec
macOS extracted apps (fresh runner)	Run actions/checkout@11d5960a326750d5838078e36cf38b85af677262	2026-10-05T10:21:48.6789590Z ##[endgroup]
macOS extracted apps (fresh runner)	Run actions/checkout@11d5960a326750d5838078e36cf38b85af677262	2026-10-05T10:21:48.7000120Z [command]/opt/homebrew/bin/git log -1 --format=%H
macOS extracted apps (fresh runner)	Run actions/checkout@11d5960a326750d5838078e36cf38b85af677262	2026-10-05T10:21:48.7070760Z 689b3fca50af5d0faad6629718cdc174a901243e
macOS extracted apps (fresh runner)	Receive exact qualification archives	﻿2026-10-05T10:21:48.7504230Z ##[group]Run actions/download-artifact@d3f86a106a0bac45b974a628896c90dbdf5c8093
macOS extracted apps (fresh runner)	Receive exact qualification archives	2026-10-05T10:21:48.7504620Z with:
macOS extracted apps (fresh runner)	Receive exact qualification archives	2026-10-05T10:21:48.7504830Z   name: macos-runtime-qualification-inputs
macOS extracted apps (fresh runner)	Receive exact qualification archives	2026-10-05T10:21:48.7505290Z   path: .cache/macos-runtime-inputs
macOS extracted apps (fresh runner)	Receive exact qualification archives	2026-10-05T10:21:48.7505640Z   merge-multiple: false
macOS extracted apps (fresh runner)	Receive exact qualification archives	2026-10-05T10:21:48.7505850Z   repository: dakotamurphyucf/gpuio
macOS extracted apps (fresh runner)	Receive exact qualification archives	2026-10-05T10:21:48.7506040Z   run-id: 37286788836
macOS extracted apps (fresh runner)	Receive exact qualification archives	2026-10-05T10:21:48.7506220Z ##[endgroup]
macOS extracted apps (fresh runner)	Receive exact qualification archives	2026-10-05T10:21:48.9548770Z Downloading single artifact
macOS extracted apps (fresh runner)	Receive exact qualification archives	2026-10-05T10:21:48.9858320Z (node:1118) [DEP0040] DeprecationWarning: The `punycode` module is deprecated. Please use a userland alternative instead.
macOS extracted apps (fresh runner)	Receive exact qualification archives	2026-10-05T10:21:48.9871000Z (Use `node --trace-deprecation ...` to show where the warning was created)
macOS extracted apps (fresh runner)	Receive exact qualification archives	2026-10-05T10:21:49.2707250Z Preparing to download the following artifacts:
macOS extracted apps (fresh runner)	Receive exact qualification archives	2026-10-05T10:21:49.2709160Z - macos-runtime-qualification-inputs (ID: 11338965927, Size: 102527739, Expected Digest: sha256:3b0d7032deca43fff2f788c126d22051e1adf46ba9cc4afa27ab8da9906e9e25)
macOS extracted apps (fresh runner)	Receive exact qualification archives	2026-10-05T10:21:49.5150810Z Redirecting to blob download url: https://productionresultssa1.blob.core.windows.net/actions-results/cd686beb-ea87-8a7f-80ab-da24b1d0d4db/workflow-job-run-69dc25db-36a6-5ea1-a061-59f79ce4e4f4/artifacts/f92d02d60feae65f10e48c9ac83d7e1b35925e01397f85cff2cdf2c24041426d.zip
macOS extracted apps (fresh runner)	Receive exact qualification archives	2026-10-05T10:21:49.5152030Z Starting download of artifact to: /Users/runner/work/gpuio/gpuio/.cache/macos-runtime-inputs
macOS extracted apps (fresh runner)	Receive exact qualification archives	2026-10-05T10:21:49.9208840Z (node:1118) [DEP0005] DeprecationWarning: Buffer() is deprecated due to security and usability issues. Please use the Buffer.alloc(), Buffer.allocUnsafe(), or Buffer.from() methods instead.
macOS extracted apps (fresh runner)	Receive exact qualification archives	2026-10-05T10:21:58.5883520Z SHA256 digest of downloaded artifact is 3b0d7032deca43fff2f788c126d22051e1adf46ba9cc4afa27ab8da9906e9e25
macOS extracted apps (fresh runner)	Receive exact qualification archives	2026-10-05T10:21:58.5886370Z Artifact download completed successfully.
macOS extracted apps (fresh runner)	Receive exact qualification archives	2026-10-05T10:21:58.5887860Z Total of 1 artifact(s) downloaded
macOS extracted apps (fresh runner)	Receive exact qualification archives	2026-10-05T10:21:58.5902810Z Download artifact has finished successfully
macOS extracted apps (fresh runner)	Verify transferred revision and hashes	﻿2026-10-05T10:21:58.6266840Z ##[group]Run mkdir -p .cache/ci
macOS extracted apps (fresh runner)	Verify transferred revision and hashes	2026-10-05T10:21:58.6267370Z [36;1mmkdir -p .cache/ci[0m
macOS extracted apps (fresh runner)	Verify transferred revision and hashes	2026-10-05T10:21:58.6267700Z [36;1mtest ! -e .opam-root[0m
macOS extracted apps (fresh runner)	Verify transferred revision and hashes	2026-10-05T10:21:58.6268140Z [36;1mtest ! -e _build[0m
macOS extracted apps (fresh runner)	Verify transferred revision and hashes	2026-10-05T10:21:58.6268410Z [36;1mtest ! -e target[0m
macOS extracted apps (fresh runner)	Verify transferred revision and hashes	2026-10-05T10:21:58.6268820Z [36;1mpython3 scripts/ci_macos_package_transfer.py verify \[0m
macOS extracted apps (fresh runner)	Verify transferred revision and hashes	2026-10-05T10:21:58.6269310Z [36;1m  --directory .cache/macos-runtime-inputs --revision "$GITHUB_SHA" \[0m
macOS extracted apps (fresh runner)	Verify transferred revision and hashes	2026-10-05T10:21:58.6275090Z [36;1m  2>&1 | tee .cache/ci/transfer-verification.log[0m
macOS extracted apps (fresh runner)	Verify transferred revision and hashes	2026-10-05T10:21:58.6881330Z shell: /bin/bash --noprofile --norc -e -o pipefail {0}
macOS extracted apps (fresh runner)	Verify transferred revision and hashes	2026-10-05T10:21:58.6881710Z ##[endgroup]
macOS extracted apps (fresh runner)	Verify transferred revision and hashes	2026-10-05T10:21:59.2973460Z {
macOS extracted apps (fresh runner)	Verify transferred revision and hashes	2026-10-05T10:21:59.2974520Z   "source_revision": "689b3fca50af5d0faad6629718cdc174a901243e",
macOS extracted apps (fresh runner)	Verify transferred revision and hashes	2026-10-05T10:21:59.2975580Z   "verified": {
macOS extracted apps (fresh runner)	Verify transferred revision and hashes	2026-10-05T10:21:59.2976180Z     "agent_chat": {
macOS extracted apps (fresh runner)	Verify transferred revision and hashes	2026-10-05T10:21:59.2977190Z       "package_sha256": "9f589b74d31bbad95bc919aff13ca36402c374ed832e9706b306d8b188de195d",
macOS extracted apps (fresh runner)	Verify transferred revision and hashes	2026-10-05T10:21:59.2978800Z       "archive_sha256": "0cac8f7afd2e50213e3c337dd63b1800aaef74ed2b74752f1eb37fe6ef6cbcbd",
macOS extracted apps (fresh runner)	Verify transferred revision and hashes	2026-10-05T10:21:59.2980140Z       "executable_sha256": "19c1c1ac5074fc97d74e3f074627d9dd5bc0034ac19025723bf6276c68136075"
macOS extracted apps (fresh runner)	Verify transferred revision and hashes	2026-10-05T10:21:59.2981160Z     },
macOS extracted apps (fresh runner)	Verify transferred revision and hashes	2026-10-05T10:21:59.2982210Z     "gallery": {
macOS extracted apps (fresh runner)	Verify transferred revision and hashes	2026-10-05T10:21:59.2983050Z       "package_sha256": "e8182eb56b95dcd356aaa6d89257c4ba0f4354207770b7224127915971df1d8d",
macOS extracted apps (fresh runner)	Verify transferred revision and hashes	2026-10-05T10:21:59.2984580Z       "archive_sha256": "42a342ded5e6718a50072008b93688723e7bd0bebd627cafd99b54d77434808f",
macOS extracted apps (fresh runner)	Verify transferred revision and hashes	2026-10-05T10:21:59.2985840Z       "executable_sha256": "d35a6a08c8ba7285b0b478c96f9fce451089bd2d5fc41179b8b99a11412af888"
macOS extracted apps (fresh runner)	Verify transferred revision and hashes	2026-10-05T10:21:59.2986810Z     },
macOS extracted apps (fresh runner)	Verify transferred revision and hashes	2026-10-05T10:21:59.2987450Z     "signal_studio": {
macOS extracted apps (fresh runner)	Verify transferred revision and hashes	2026-10-05T10:21:59.2988260Z       "package_sha256": "21d4de2916cfb3efc3d99ff95b378780be8f76783f79236b01ff931accfd0061",
macOS extracted apps (fresh runner)	Verify transferred revision and hashes	2026-10-05T10:21:59.2989600Z       "archive_sha256": "93fad7b98b5b43c9419561b5dcebcdfdac34fee765437f760bf1501733abbcd9",
macOS extracted apps (fresh runner)	Verify transferred revision and hashes	2026-10-05T10:21:59.2991110Z       "executable_sha256": "1e6c015a01aaf31139c509e59274ec4efe65d32a79cbbc93ada339f78d9250df"
macOS extracted apps (fresh runner)	Verify transferred revision and hashes	2026-10-05T10:21:59.2992660Z     }
macOS extracted apps (fresh runner)	Verify transferred revision and hashes	2026-10-05T10:21:59.2993190Z   },
macOS extracted apps (fresh runner)	Verify transferred revision and hashes	2026-10-05T10:21:59.2993750Z   "qualification": "internal ad-hoc runtime inputs; notices incomplete; not release artifacts"
macOS extracted apps (fresh runner)	Verify transferred revision and hashes	2026-10-05T10:21:59.2994210Z }
macOS extracted apps (fresh runner)	Prepare the hosted desktop	﻿2026-10-05T10:21:59.3347980Z ##[group]Run xcrun swift -module-cache-path .cache/macos-display-modules scripts/ci_macos_display.swift --apply 2>&1 | tee .cache/ci/display.log
macOS extracted apps (fresh runner)	Prepare the hosted desktop	2026-10-05T10:21:59.3349040Z [36;1mxcrun swift -module-cache-path .cache/macos-display-modules scripts/ci_macos_display.swift --apply 2>&1 | tee .cache/ci/display.log[0m
macOS extracted apps (fresh runner)	Prepare the hosted desktop	2026-10-05T10:21:59.3349960Z [36;1mxcrun swift -module-cache-path .cache/macos-display-modules scripts/ci_macos_display.swift --check 2>&1 | tee -a .cache/ci/display.log[0m
macOS extracted apps (fresh runner)	Prepare the hosted desktop	2026-10-05T10:21:59.3350740Z [36;1mpython3 scripts/ci_macos_notifications.py 2>&1 | tee .cache/ci/notification-service.log[0m
macOS extracted apps (fresh runner)	Prepare the hosted desktop	2026-10-05T10:21:59.3412420Z shell: /bin/bash --noprofile --norc -e -o pipefail {0}
macOS extracted apps (fresh runner)	Prepare the hosted desktop	2026-10-05T10:21:59.3412720Z ##[endgroup]
macOS extracted apps (fresh runner)	Prepare the hosted desktop	2026-10-05T10:22:13.4965560Z MACOS_DISPLAY_MODES 800x600 pixels=800x600; 960x540 pixels=960x540; 1024x576 pixels=1024x576; 1024x768 pixels=1024x768; 1280x720 pixels=1280x720; 1280x960 pixels=1280x960; 1344x756 pixels=1344x756; 1344x1008 pixels=1344x1008; 1600x900 pixels=1600x900; 1600x1200 pixels=1600x1200; 1920x1080 pixels=1920x1080
macOS extracted apps (fresh runner)	Prepare the hosted desktop	2026-10-05T10:22:13.4972250Z MACOS_DISPLAY id=1 bounds=(0.0, 0.0, 1024.0, 768.0) visible=(0.0, 62.0, 1024.0, 681.0) scale=1.0
macOS extracted apps (fresh runner)	Prepare the hosted desktop	2026-10-05T10:22:13.4972930Z MACOS_DISPLAY_CONFIGURED bounds=(0.0, 0.0, 1600.0, 1200.0)
macOS extracted apps (fresh runner)	Prepare the hosted desktop	2026-10-05T10:22:13.4973480Z MACOS_DISPLAY_READY
macOS extracted apps (fresh runner)	Prepare the hosted desktop	2026-10-05T10:22:14.6949520Z MACOS_DISPLAY_MODES 800x600 pixels=800x600; 960x540 pixels=960x540; 1024x576 pixels=1024x576; 1024x768 pixels=1024x768; 1280x720 pixels=1280x720; 1280x960 pixels=1280x960; 1344x756 pixels=1344x756; 1344x1008 pixels=1344x1008; 1600x900 pixels=1600x900; 1600x1200 pixels=1600x1200; 1920x1080 pixels=1920x1080
macOS extracted apps (fresh runner)	Prepare the hosted desktop	2026-10-05T10:22:14.6963220Z MACOS_DISPLAY id=1 bounds=(0.0, 0.0, 1600.0, 1200.0) visible=(0.0, 73.0, 1600.0, 1102.0) scale=1.0
macOS extracted apps (fresh runner)	Prepare the hosted desktop	2026-10-05T10:22:14.7013240Z MACOS_DISPLAY_READY
macOS extracted apps (fresh runner)	Prepare the hosted desktop	2026-10-05T10:22:14.9346440Z CI_NOTIFICATION_AGENT_READY gui/501/com.apple.notificationcenterui.agent
macOS extracted apps (fresh runner)	Extracted gallery runtime	﻿2026-10-05T10:22:14.9806460Z ##[group]Run python3 scripts/test_macos_package_runtime.py --package .cache/macos-runtime-inputs/gallery --output .cache/ci/gallery 2>&1 | tee .cache/ci/gallery.log
macOS extracted apps (fresh runner)	Extracted gallery runtime	2026-10-05T10:22:14.9998690Z [36;1mpython3 scripts/test_macos_package_runtime.py --package .cache/macos-runtime-inputs/gallery --output .cache/ci/gallery 2>&1 | tee .cache/ci/gallery.log[0m
macOS extracted apps (fresh runner)	Extracted gallery runtime	2026-10-05T10:22:15.0091080Z shell: /bin/bash --noprofile --norc -e -o pipefail {0}
macOS extracted apps (fresh runner)	Extracted gallery runtime	2026-10-05T10:22:15.0140440Z ##[endgroup]
macOS extracted apps (fresh runner)	Extracted gallery runtime	2026-10-05T10:22:18.3895930Z AX_PRESS Images & icons
macOS extracted apps (fresh runner)	Extracted gallery runtime	2026-10-05T10:22:20.8317200Z AX_WAIT Image ready:
macOS extracted apps (fresh runner)	Extracted gallery runtime	2026-10-05T10:22:21.1003170Z AX_PRESS Show raster gradient
macOS extracted apps (fresh runner)	Extracted gallery runtime	2026-10-05T10:22:21.1105620Z AX_WAIT Image ready: 96 × 48 pixels · 1 frame(s)
macOS extracted apps (fresh runner)	Extracted gallery runtime	2026-10-05T10:22:21.2291840Z AX_PRESS Cover
macOS extracted apps (fresh runner)	Extracted gallery runtime	2026-10-05T10:22:21.2338520Z AX_WAIT Image fit: Cover
macOS extracted apps (fresh runner)	Extracted gallery runtime	2026-10-05T10:22:21.2440670Z AX_WAIT Image ready: 96 × 48 pixels · 1 frame(s)
macOS extracted apps (fresh runner)	Extracted gallery runtime	2026-10-05T10:22:21.2527150Z AX_PRESS Fill
macOS extracted apps (fresh runner)	Extracted gallery runtime	2026-10-05T10:22:21.2602470Z AX_WAIT Image fit: Fill
macOS extracted apps (fresh runner)	Extracted gallery runtime	2026-10-05T10:22:21.3524900Z AX_WAIT Image ready: 96 × 48 pixels · 1 frame(s)
macOS extracted apps (fresh runner)	Extracted gallery runtime	2026-10-05T10:22:21.3625330Z AX_PRESS Scale down
macOS extracted apps (fresh runner)	Extracted gallery runtime	2026-10-05T10:22:21.3731020Z AX_WAIT Image fit: Scale down
macOS extracted apps (fresh runner)	Extracted gallery runtime	2026-10-05T10:22:21.4638760Z AX_WAIT Image ready: 96 × 48 pixels · 1 frame(s)
macOS extracted apps (fresh runner)	Extracted gallery runtime	2026-10-05T10:22:21.4761220Z AX_PRESS Intrinsic size
macOS extracted apps (fresh runner)	Extracted gallery runtime	2026-10-05T10:22:21.4863300Z AX_WAIT Image fit: Intrinsic size
macOS extracted apps (fresh runner)	Extracted gallery runtime	2026-10-05T10:22:21.4965430Z AX_WAIT Image ready: 96 × 48 pixels · 1 frame(s)
macOS extracted apps (fresh runner)	Extracted gallery runtime	2026-10-05T10:22:21.5067060Z AX_PRESS Contain
macOS extracted apps (fresh runner)	Extracted gallery runtime	2026-10-05T10:22:21.5170290Z AX_WAIT Image fit: Contain
macOS extracted apps (fresh runner)	Extracted gallery runtime	2026-10-05T10:22:21.5270790Z AX_WAIT Image ready: 96 × 48 pixels · 1 frame(s)
macOS extracted apps (fresh runner)	Extracted gallery runtime	2026-10-05T10:22:21.5373450Z AX_PRESS Dark
macOS extracted apps (fresh runner)	Extracted gallery runtime	2026-10-05T10:22:21.6963120Z AX_WAIT Image ready: 96 × 48 pixels · 1 frame(s)
macOS extracted apps (fresh runner)	Extracted gallery runtime	2026-10-05T10:22:21.7064500Z AX_PRESS Comfortable
macOS extracted apps (fresh runner)	Extracted gallery runtime	2026-10-05T10:22:21.7524260Z AX_WAIT Image ready: 96 × 48 pixels · 1 frame(s)
macOS extracted apps (fresh runner)	Extracted gallery runtime	2026-10-05T10:22:21.7796490Z AX_PRESS Large
macOS extracted apps (fresh runner)	Extracted gallery runtime	2026-10-05T10:22:21.9251280Z AX_WAIT Image ready: 96 × 48 pixels · 1 frame(s)
macOS extracted apps (fresh runner)	Extracted gallery runtime	2026-10-05T10:22:21.9294210Z AX_PRESS Compact
macOS extracted apps (fresh runner)	Extracted gallery runtime	2026-10-05T10:22:22.0103690Z AX_WAIT Image ready: 96 × 48 pixels · 1 frame(s)
macOS extracted apps (fresh runner)	Extracted gallery runtime	2026-10-05T10:22:22.0151760Z AX_PRESS Light
macOS extracted apps (fresh runner)	Extracted gallery runtime	2026-10-05T10:22:22.0323640Z AX_WAIT Image ready: 96 × 48 pixels · 1 frame(s)
macOS extracted apps (fresh runner)	Extracted gallery runtime	2026-10-05T10:22:22.0626910Z AX_PRESS Simulate decode failure
macOS extracted apps (fresh runner)	Extracted gallery runtime	2026-10-05T10:22:22.0729330Z AX_WAIT Image failed: Invalid_data
macOS extracted apps (fresh runner)	Extracted gallery runtime	2026-10-05T10:22:22.1587560Z AX_PRESS Restore image
macOS extracted apps (fresh runner)	Extracted gallery runtime	2026-10-05T10:22:22.1790610Z AX_WAIT Image ready: 96 × 48 pixels · 1 frame(s)
macOS extracted apps (fresh runner)	Extracted gallery runtime	2026-10-05T10:22:22.4911270Z AX_WAIT Sample approvals: 1
macOS extracted apps (fresh runner)	Extracted gallery runtime	2026-10-05T10:22:22.6675000Z AX_PRESS Approve sample
macOS extracted apps (fresh runner)	Extracted gallery runtime	2026-10-05T10:22:22.6776360Z AX_WAIT Sample approvals: 2
macOS extracted apps (fresh runner)	Extracted gallery runtime	2026-10-05T10:22:22.6882920Z AX_PRESS Show vector landscape
macOS extracted apps (fresh runner)	Extracted gallery runtime	2026-10-05T10:22:22.6946140Z AX_WAIT Image ready: 480 × 240 pixels · 1 frame(s)
macOS extracted apps (fresh runner)	Extracted gallery runtime	2026-10-05T10:22:23.1093650Z AX_PRESS Presentation
macOS extracted apps (fresh runner)	Extracted gallery runtime	2026-10-05T10:22:23.1168790Z AX_WAIT A little context goes a long way
macOS extracted apps (fresh runner)	Extracted gallery runtime	2026-10-05T10:22:24.2311470Z AX_PRESS Images & icons
macOS extracted apps (fresh runner)	Extracted gallery runtime	2026-10-05T10:22:24.2348100Z AX_WAIT Image ready:
macOS extracted apps (fresh runner)	Extracted gallery runtime	2026-10-05T10:22:24.4163010Z AX_WAIT Sample approvals: 2
macOS extracted apps (fresh runner)	Extracted gallery runtime	2026-10-05T10:22:24.4256020Z AX_PRESS Presentation
macOS extracted apps (fresh runner)	Extracted gallery runtime	2026-10-05T10:22:24.4285990Z AX_WAIT A little context goes a long way
macOS extracted apps (fresh runner)	Extracted gallery runtime	2026-10-05T10:22:25.1549180Z AX_PRESS Images & icons
macOS extracted apps (fresh runner)	Extracted gallery runtime	2026-10-05T10:22:25.1601140Z AX_WAIT Image ready:
macOS extracted apps (fresh runner)	Extracted gallery runtime	2026-10-05T10:22:25.2917180Z AX_WAIT Sample approvals: 2
macOS extracted apps (fresh runner)	Extracted gallery runtime	2026-10-05T10:22:25.3059560Z AX_PRESS Presentation
macOS extracted apps (fresh runner)	Extracted gallery runtime	2026-10-05T10:22:25.3163730Z AX_WAIT A little context goes a long way
macOS extracted apps (fresh runner)	Extracted gallery runtime	2026-10-05T10:22:26.1322660Z AX_PRESS Images & icons
macOS extracted apps (fresh runner)	Extracted gallery runtime	2026-10-05T10:22:26.1367910Z AX_WAIT Image ready:
macOS extracted apps (fresh runner)	Extracted gallery runtime	2026-10-05T10:22:26.2930100Z AX_WAIT Sample approvals: 2
macOS extracted apps (fresh runner)	Extracted gallery runtime	2026-10-05T10:22:26.3025460Z AX_PRESS Runtime & windows
macOS extracted apps (fresh runner)	Extracted gallery runtime	2026-10-05T10:22:26.3145900Z AX_PRESS Refresh resource counts
macOS extracted apps (fresh runner)	Extracted gallery runtime	2026-10-05T10:22:26.4968950Z AX_PRESS Refresh resource counts
macOS extracted apps (fresh runner)	Extracted gallery runtime	2026-10-05T10:22:26.5227270Z GALLERY_RESOURCE_SNAPSHOT Images: 0 · Charts: 0 · Canvases: 0
macOS extracted apps (fresh runner)	Extracted gallery runtime	2026-10-05T10:22:26.5258860Z AX_WAIT Registered source bytes: 0
macOS extracted apps (fresh runner)	Extracted gallery runtime	2026-10-05T10:22:26.5326010Z GALLERY_ASSETS_OK: SVG/raster readiness, fit controls, native decode failure/recovery, icon semantics, OS activation and scoped cleanup
macOS extracted apps (fresh runner)	Extracted gallery runtime	2026-10-05T10:22:26.5328820Z AX_PRESS Images & icons
macOS extracted apps (fresh runner)	Extracted gallery runtime	2026-10-05T10:22:26.5477940Z AX_PRESS Dark
macOS extracted apps (fresh runner)	Extracted gallery runtime	2026-10-05T10:22:26.8292410Z AX_PRESS Light
macOS extracted apps (fresh runner)	Extracted gallery runtime	2026-10-05T10:22:26.8338850Z AX_PRESS Markdown & code
macOS extracted apps (fresh runner)	Extracted gallery runtime	2026-10-05T10:22:26.8372350Z AX_PRESS Code
macOS extracted apps (fresh runner)	Extracted gallery runtime	2026-10-05T10:22:27.2069250Z GALLERY_FOCUS_READY Code preview requests= 1
macOS extracted apps (fresh runner)	Extracted gallery runtime	2026-10-05T10:22:27.6094350Z AX_PRESS Text editing
macOS extracted apps (fresh runner)	Extracted gallery runtime	2026-10-05T10:22:27.6135120Z AX_PRESS Multiline & search
macOS extracted apps (fresh runner)	Extracted gallery runtime	2026-10-05T10:22:27.9070500Z GALLERY_FOCUS_READY Working notes requests= 1
macOS extracted apps (fresh runner)	Extracted gallery runtime	2026-10-05T10:22:28.6457740Z GPUIO_PACKAGE_RUNTIME_OK: gallery, extracted archive, enforced path denial, native interactions, shutdown
macOS extracted apps (fresh runner)	Extracted Agent Workspace runtime	﻿2026-10-05T10:22:28.7307730Z ##[group]Run python3 scripts/test_macos_package_runtime.py --package .cache/macos-runtime-inputs/agent_chat --output .cache/ci/agent-chat 2>&1 | tee .cache/ci/agent-chat.log
macOS extracted apps (fresh runner)	Extracted Agent Workspace runtime	2026-10-05T10:22:28.7311560Z [36;1mpython3 scripts/test_macos_package_runtime.py --package .cache/macos-runtime-inputs/agent_chat --output .cache/ci/agent-chat 2>&1 | tee .cache/ci/agent-chat.log[0m
macOS extracted apps (fresh runner)	Extracted Agent Workspace runtime	2026-10-05T10:22:28.7392990Z shell: /bin/bash --noprofile --norc -e -o pipefail {0}
macOS extracted apps (fresh runner)	Extracted Agent Workspace runtime	2026-10-05T10:22:28.7393460Z ##[endgroup]
macOS extracted apps (fresh runner)	Extracted Agent Workspace runtime	2026-10-05T10:22:32.0771890Z AX_PRESS Send
macOS extracted apps (fresh runner)	Extracted Agent Workspace runtime	2026-10-05T10:22:32.1268890Z NATIVE_ACCEPTANCE_EDIT_MS 37
macOS extracted apps (fresh runner)	Extracted Agent Workspace runtime	2026-10-05T10:22:32.1269570Z AX_WAIT your newer draft was kept
macOS extracted apps (fresh runner)	Extracted Agent Workspace runtime	2026-10-05T10:22:33.3289080Z AX_WAIT · Complete
macOS extracted apps (fresh runner)	Extracted Agent Workspace runtime	2026-10-05T10:22:33.8437050Z AX_PRESS Demo controls
macOS extracted apps (fresh runner)	Extracted Agent Workspace runtime	2026-10-05T10:22:33.8487800Z AX_PRESS Simulate error
macOS extracted apps (fresh runner)	Extracted Agent Workspace runtime	2026-10-05T10:22:34.0080400Z AX_PRESS Review a patch
macOS extracted apps (fresh runner)	Extracted Agent Workspace runtime	2026-10-05T10:22:34.2029440Z AX_WAIT Simulated connection interrupted
macOS extracted apps (fresh runner)	Extracted Agent Workspace runtime	2026-10-05T10:22:34.8132960Z AX_PRESS Retry response
macOS extracted apps (fresh runner)	Extracted Agent Workspace runtime	2026-10-05T10:22:34.8215520Z AX_WAIT · Complete
macOS extracted apps (fresh runner)	Extracted Agent Workspace runtime	2026-10-05T10:22:35.4928810Z AX_PRESS Build a native app
macOS extracted apps (fresh runner)	Extracted Agent Workspace runtime	2026-10-05T10:22:35.6754750Z AX_PRESS Close tab
macOS extracted apps (fresh runner)	Extracted Agent Workspace runtime	2026-10-05T10:22:35.8268850Z AX_PRESS Build a native app
macOS extracted apps (fresh runner)	Extracted Agent Workspace runtime	2026-10-05T10:22:35.9731730Z AX_PRESS Attach text…
macOS extracted apps (fresh runner)	Extracted Agent Workspace runtime	2026-10-05T10:22:37.8474210Z AX_FILE_CLICK AXTextField 1060.0 491.0
macOS extracted apps (fresh runner)	Extracted Agent Workspace runtime	2026-10-05T10:22:37.8489620Z AX_WAIT Attached native-attachment.txt
macOS extracted apps (fresh runner)	Extracted Agent Workspace runtime	2026-10-05T10:22:38.3746290Z AX_PRESS New window
macOS extracted apps (fresh runner)	Extracted Agent Workspace runtime	2026-10-05T10:22:38.8475700Z AX_PRESS Light theme
macOS extracted apps (fresh runner)	Extracted Agent Workspace runtime	2026-10-05T10:22:38.9434100Z AX_WAIT Dark theme
macOS extracted apps (fresh runner)	Extracted Agent Workspace runtime	2026-10-05T10:22:39.4348760Z AX_WAIT Workspace commands
macOS extracted apps (fresh runner)	Extracted Agent Workspace runtime	2026-10-05T10:22:40.0101040Z AX_WAIT Close this window and discard its drafts?
macOS extracted apps (fresh runner)	Extracted Agent Workspace runtime	2026-10-05T10:22:40.0410490Z AX_PRESS Keep editing
macOS extracted apps (fresh runner)	Extracted Agent Workspace runtime	2026-10-05T10:22:40.1557290Z AX_PRESS Discard drafts and close
macOS extracted apps (fresh runner)	Extracted Agent Workspace runtime	2026-10-05T10:22:40.6710340Z AX_PRESS Discard drafts and close
macOS extracted apps (fresh runner)	Extracted Agent Workspace runtime	2026-10-05T10:22:40.8575900Z GPUIO_PACKAGE_RUNTIME_OK: agent_chat, extracted archive, enforced path denial, native interactions, shutdown
macOS extracted apps (fresh runner)	Extracted Signal Studio runtime	﻿2026-10-05T10:22:40.9326410Z ##[group]Run python3 scripts/test_macos_package_runtime.py --package .cache/macos-runtime-inputs/signal_studio --output .cache/ci/signal-studio 2>&1 | tee .cache/ci/signal-studio.log
macOS extracted apps (fresh runner)	Extracted Signal Studio runtime	2026-10-05T10:22:40.9328450Z [36;1mpython3 scripts/test_macos_package_runtime.py --package .cache/macos-runtime-inputs/signal_studio --output .cache/ci/signal-studio 2>&1 | tee .cache/ci/signal-studio.log[0m
macOS extracted apps (fresh runner)	Extracted Signal Studio runtime	2026-10-05T10:22:40.9379360Z shell: /bin/bash --noprofile --norc -e -o pipefail {0}
macOS extracted apps (fresh runner)	Extracted Signal Studio runtime	2026-10-05T10:22:40.9379760Z ##[endgroup]
macOS extracted apps (fresh runner)	Extracted Signal Studio runtime	2026-10-05T10:22:45.1784700Z SIGNAL_ACTIVE_LAYOUT_ONLY compact=False labels=5 canvas_width=700.0
macOS extracted apps (fresh runner)	Extracted Signal Studio runtime	2026-10-05T10:22:45.6788360Z AX_PRESS Alerts
macOS extracted apps (fresh runner)	Extracted Signal Studio runtime	2026-10-05T10:22:45.6891100Z AX_WAIT Enable alerts to request notification permission.
macOS extracted apps (fresh runner)	Extracted Signal Studio runtime	2026-10-05T10:22:46.3061830Z AX_PRESS Close alerts
macOS extracted apps (fresh runner)	Extracted Signal Studio runtime	2026-10-05T10:22:46.3282710Z AX_PRESS Increment counter, current value 0
macOS extracted apps (fresh runner)	Extracted Signal Studio runtime	2026-10-05T10:22:46.6100630Z AX_PRESS Swift
macOS extracted apps (fresh runner)	Extracted Signal Studio runtime	2026-10-05T10:22:46.6203680Z AX_WAIT Swift · latency 200 ms · quality 25%
macOS extracted apps (fresh runner)	Extracted Signal Studio runtime	2026-10-05T10:22:46.7747290Z AX_WAIT Swift · latency 202 ms · quality 25%
macOS extracted apps (fresh runner)	Extracted Signal Studio runtime	2026-10-05T10:22:46.8167150Z DRAG_START 235.0 683.0
macOS extracted apps (fresh runner)	Extracted Signal Studio runtime	2026-10-05T10:22:48.2559870Z AX_WAIT Swift · latency 243 ms · quality 28%
macOS extracted apps (fresh runner)	Extracted Signal Studio runtime	2026-10-05T10:22:48.4597730Z AX_PRESS Reset view
macOS extracted apps (fresh runner)	Extracted Signal Studio runtime	2026-10-05T10:22:48.5949280Z AX_PRESS Hide inspector
macOS extracted apps (fresh runner)	Extracted Signal Studio runtime	2026-10-05T10:22:48.5995880Z AX_WAIT Show inspector
macOS extracted apps (fresh runner)	Extracted Signal Studio runtime	2026-10-05T10:22:49.0375300Z AX_PRESS Show inspector
macOS extracted apps (fresh runner)	Extracted Signal Studio runtime	2026-10-05T10:22:49.0543780Z AX_WAIT Swift · latency 243 ms · quality 28%
macOS extracted apps (fresh runner)	Extracted Signal Studio runtime	2026-10-05T10:22:49.1907580Z AX_PRESS Lock control
macOS extracted apps (fresh runner)	Extracted Signal Studio runtime	2026-10-05T10:22:49.2004020Z AX_WAIT Unlock control
macOS extracted apps (fresh runner)	Extracted Signal Studio runtime	2026-10-05T10:22:49.4347510Z AX_PRESS Unlock control
macOS extracted apps (fresh runner)	Extracted Signal Studio runtime	2026-10-05T10:22:49.4474790Z AX_PRESS Hide control
macOS extracted apps (fresh runner)	Extracted Signal Studio runtime	2026-10-05T10:22:49.4650570Z AX_WAIT Show control
macOS extracted apps (fresh runner)	Extracted Signal Studio runtime	2026-10-05T10:22:49.4929230Z AX_PRESS Show control
macOS extracted apps (fresh runner)	Extracted Signal Studio runtime	2026-10-05T10:22:49.5030240Z AX_WAIT Increment counter, current value 2
macOS extracted apps (fresh runner)	Extracted Signal Studio runtime	2026-10-05T10:22:49.5872720Z AX_PRESS Stream runs
macOS extracted apps (fresh runner)	Extracted Signal Studio runtime	2026-10-05T10:22:53.2482700Z AX_WAIT Increment counter, current value 14
macOS extracted apps (fresh runner)	Extracted Signal Studio runtime	2026-10-05T10:22:54.0267890Z SIGNAL_ACTIVE_LAYOUT_ONLY compact=True labels=5 canvas_width=490.0
macOS extracted apps (fresh runner)	Extracted Signal Studio runtime	2026-10-05T10:22:54.0268510Z AX_WAIT Increment counter, current value 14
macOS extracted apps (fresh runner)	Extracted Signal Studio runtime	2026-10-05T10:22:54.9120220Z SIGNAL_ACTIVE_LAYOUT_ONLY compact=False labels=5 canvas_width=700.0
macOS extracted apps (fresh runner)	Extracted Signal Studio runtime	2026-10-05T10:22:54.9123410Z AX_WAIT Swift · latency 243 ms · quality 28%
macOS extracted apps (fresh runner)	Extracted Signal Studio runtime	2026-10-05T10:22:54.9216200Z AX_PRESS Reset workspace
macOS extracted apps (fresh runner)	Extracted Signal Studio runtime	2026-10-05T10:22:55.0499400Z AX_WAIT Increment counter, current value 0
macOS extracted apps (fresh runner)	Extracted Signal Studio runtime	2026-10-05T10:22:55.1038130Z GPUIO_PACKAGE_RUNTIME_OK: signal_studio, extracted archive, enforced path denial, native interactions, shutdown
macOS extracted apps (fresh runner)	Preserve fresh-runner evidence	﻿2026-10-05T10:22:55.1564910Z ##[group]Run actions/upload-artifact@ea165f8d65b6e75b540449e92b4886f43607fa02
macOS extracted apps (fresh runner)	Preserve fresh-runner evidence	2026-10-05T10:22:55.1565420Z with:
macOS extracted apps (fresh runner)	Preserve fresh-runner evidence	2026-10-05T10:22:55.1565640Z   name: macos-package-runtime-evidence
macOS extracted apps (fresh runner)	Preserve fresh-runner evidence	2026-10-05T10:22:55.1566000Z   include-hidden-files: true
macOS extracted apps (fresh runner)	Preserve fresh-runner evidence	2026-10-05T10:22:55.1566300Z   path: .cache/ci
macOS extracted apps (fresh runner)	Preserve fresh-runner evidence	2026-10-05T10:22:55.1566540Z   if-no-files-found: warn
macOS extracted apps (fresh runner)	Preserve fresh-runner evidence	2026-10-05T10:22:55.1566860Z   compression-level: 6
macOS extracted apps (fresh runner)	Preserve fresh-runner evidence	2026-10-05T10:22:55.1567080Z   overwrite: false
macOS extracted apps (fresh runner)	Preserve fresh-runner evidence	2026-10-05T10:22:55.1567370Z ##[endgroup]
macOS extracted apps (fresh runner)	Preserve fresh-runner evidence	2026-10-05T10:22:56.1166890Z (node:1710) [DEP0040] DeprecationWarning: The `punycode` module is deprecated. Please use a userland alternative instead.
macOS extracted apps (fresh runner)	Preserve fresh-runner evidence	2026-10-05T10:22:56.1167810Z (Use `node --trace-deprecation ...` to show where the warning was created)
macOS extracted apps (fresh runner)	Preserve fresh-runner evidence	2026-10-05T10:22:56.1313440Z With the provided path, there will be 23 files uploaded
macOS extracted apps (fresh runner)	Preserve fresh-runner evidence	2026-10-05T10:22:56.1315300Z Artifact name is valid!
macOS extracted apps (fresh runner)	Preserve fresh-runner evidence	2026-10-05T10:22:56.1315850Z Root directory input is valid!
macOS extracted apps (fresh runner)	Preserve fresh-runner evidence	2026-10-05T10:22:56.5652490Z Beginning upload of artifact content to blob storage
macOS extracted apps (fresh runner)	Preserve fresh-runner evidence	2026-10-05T10:22:56.6716890Z (node:1710) [DEP0169] DeprecationWarning: `url.parse()` behavior is not standardized and prone to errors that have security implications. Use the WHATWG URL API instead. CVEs are not issued for `url.parse()` vulnerabilities.
macOS extracted apps (fresh runner)	Preserve fresh-runner evidence	2026-10-05T10:22:57.9044010Z Uploaded bytes 948280
macOS extracted apps (fresh runner)	Preserve fresh-runner evidence	2026-10-05T10:22:57.9813650Z Finished uploading artifact content to blob storage!
macOS extracted apps (fresh runner)	Preserve fresh-runner evidence	2026-10-05T10:22:58.0012820Z SHA256 digest of uploaded artifact zip is 85a6fc147b0593b9ec3c7b3d39c38b0be5d8214268263cae41a55a82515ad0d0
macOS extracted apps (fresh runner)	Preserve fresh-runner evidence	2026-10-05T10:22:58.0116830Z Finalizing artifact upload
macOS extracted apps (fresh runner)	Preserve fresh-runner evidence	2026-10-05T10:22:58.2538580Z Artifact macos-package-runtime-evidence.zip successfully finalized. Artifact ID 11338897865
macOS extracted apps (fresh runner)	Preserve fresh-runner evidence	2026-10-05T10:22:58.2539750Z Artifact macos-package-runtime-evidence has been successfully uploaded! Final size is 948280 bytes. Artifact ID is 11338897865
macOS extracted apps (fresh runner)	Preserve fresh-runner evidence	2026-10-05T10:22:58.2546200Z Artifact download URL: https://github.com/dakotamurphyucf/gpuio/actions/runs/37286788836/artifacts/11338897865
macOS extracted apps (fresh runner)	Post Run actions/checkout@11d5960a326750d5838078e36cf38b85af677262	﻿2026-10-05T10:22:58.2740370Z Post job cleanup.
macOS extracted apps (fresh runner)	Post Run actions/checkout@11d5960a326750d5838078e36cf38b85af677262	2026-10-05T10:22:58.3912390Z [command]/opt/homebrew/bin/git version
macOS extracted apps (fresh runner)	Post Run actions/checkout@11d5960a326750d5838078e36cf38b85af677262	2026-10-05T10:22:58.4191960Z git version 2.55.0
macOS extracted apps (fresh runner)	Post Run actions/checkout@11d5960a326750d5838078e36cf38b85af677262	2026-10-05T10:22:58.4221940Z Copying '/Users/runner/.gitconfig' to '/Users/runner/work/_temp/492fdf56-0ea4-4b03-8b6e-1106db189415/.gitconfig'
macOS extracted apps (fresh runner)	Post Run actions/checkout@11d5960a326750d5838078e36cf38b85af677262	2026-10-05T10:22:58.4230980Z Temporarily overriding HOME='/Users/runner/work/_temp/492fdf56-0ea4-4b03-8b6e-1106db189415' before making global git config changes
macOS extracted apps (fresh runner)	Post Run actions/checkout@11d5960a326750d5838078e36cf38b85af677262	2026-10-05T10:22:58.4232790Z Adding repository directory to the temporary git global config as a safe directory
macOS extracted apps (fresh runner)	Post Run actions/checkout@11d5960a326750d5838078e36cf38b85af677262	2026-10-05T10:22:58.4238470Z [command]/opt/homebrew/bin/git config --global --add safe.directory /Users/runner/work/gpuio/gpuio
macOS extracted apps (fresh runner)	Post Run actions/checkout@11d5960a326750d5838078e36cf38b85af677262	2026-10-05T10:22:58.4386090Z [command]/opt/homebrew/bin/git config --local --name-only --get-regexp core\.sshCommand
macOS extracted apps (fresh runner)	Post Run actions/checkout@11d5960a326750d5838078e36cf38b85af677262	2026-10-05T10:22:58.4468490Z [command]/opt/homebrew/bin/git submodule foreach --recursive sh -c "git config --local --name-only --get-regexp 'core\.sshCommand' && git config --local --unset-all 'core.sshCommand' || :"
macOS extracted apps (fresh runner)	Post Run actions/checkout@11d5960a326750d5838078e36cf38b85af677262	2026-10-05T10:22:58.6459940Z [command]/opt/homebrew/bin/git config --local --name-only --get-regexp http\.https\:\/\/github\.com\/\.extraheader
macOS extracted apps (fresh runner)	Post Run actions/checkout@11d5960a326750d5838078e36cf38b85af677262	2026-10-05T10:22:58.6532330Z http.https://github.com/.extraheader
macOS extracted apps (fresh runner)	Post Run actions/checkout@11d5960a326750d5838078e36cf38b85af677262	2026-10-05T10:22:58.6539430Z [command]/opt/homebrew/bin/git config --local --unset-all http.https://github.com/.extraheader
macOS extracted apps (fresh runner)	Post Run actions/checkout@11d5960a326750d5838078e36cf38b85af677262	2026-10-05T10:22:58.6610830Z [command]/opt/homebrew/bin/git submodule foreach --recursive sh -c "git config --local --name-only --get-regexp 'http\.https\:\/\/github\.com\/\.extraheader' && git config --local --unset-all 'http.https://github.com/.extraheader' || :"
macOS extracted apps (fresh runner)	Post Run actions/checkout@11d5960a326750d5838078e36cf38b85af677262	2026-10-05T10:22:58.7664240Z [command]/opt/homebrew/bin/git config --local --name-only --get-regexp ^includeIf\.gitdir:
macOS extracted apps (fresh runner)	Post Run actions/checkout@11d5960a326750d5838078e36cf38b85af677262	2026-10-05T10:22:58.7976620Z [command]/opt/homebrew/bin/git submodule foreach --recursive git config --local --show-origin --name-only --get-regexp remote.origin.url
macOS extracted apps (fresh runner)	Complete job	﻿2026-10-05T10:22:58.9250570Z Cleaning up orphan processes
macOS extracted apps (fresh runner)	Complete job	2026-10-05T10:23:01.0670340Z ##[warning]Node.js 20 is deprecated. The following actions target Node.js 20 but are being forced to run on Node.js 24: actions/checkout@11d5960a326750d5838078e36cf38b85af677262, actions/download-artifact@d3f86a106a0bac45b974a628896c90dbdf5c8093, actions/upload-artifact@ea165f8d65b6e75b540449e92b4886f43607fa02. For more information see: https://github.blog/changelog/2025-09-19-deprecation-of-node-20-on-github-actions-runners/
