AX_WAIT A little context goes a long way
AX_PRESS Runtime & windows
AX_WAIT No selection is present.
AX_WAIT No selection is present.
AX_WAIT No text is selected.
AX_WAIT Selection is present.
AX_WAIT Selected 89 UTF-8 bytes: "A quiet workspace for your next idea.\nUnicode stays whole: caf\195\169 \194\183 \228\186\172\233\131\189 \194\183 \240\159\145\169\226\128\141\240\159\146\187"
AX_WAIT Selection is present.
AX_WAIT Drag ended; selection preserved.
AX_WAIT Selection is present.
AX_WAIT Selected 89 UTF-8 bytes: "A quiet workspace for your next idea.\nUnicode stays whole: caf\195\169 \194\183 \228\186\172\233\131\189 \194\183 \240\159\145\169\226\128\141\240\159\146\187"
AX_WAIT Selection is present.
AX_WAIT Selected 89 UTF-8 bytes: "A quiet workspace for your next idea.\nUnicode stays whole: caf\195\169 \194\183 \228\186\172\233\131\189 \194\183 \240\159\145\169\226\128\141\240\159\146\187"
AX_PRESS New window
AX_WAIT A little context goes a long way
AX_PRESS Runtime & windows
AX_WAIT No selection is present.
AX_WAIT No selection is present.
AX_WAIT No text is selected.
AX_WAIT Selection is present.
AX_WAIT Selected 89 UTF-8 bytes: "A quiet workspace for your next idea.\nUnicode stays whole: caf\195\169 \194\183 \228\186\172\233\131\189 \194\183 \240\159\145\169\226\128\141\240\159\146\187"
AX_WAIT Selection cleared.
AX_WAIT No selection is present.
AX_WAIT No selection is present.
AX_WAIT No text is selected.
AX_WAIT Selection is present.
AX_WAIT Selected 39 UTF-8 bytes: "Selections can span several text nodes."
AX_PRESS Presentation
AX_WAIT A little context goes a long way
AX_PRESS Runtime & windows
AX_WAIT Selection without the clipboard
AX_WAIT No selection is present.
AX_WAIT No selection is present.
AX_WAIT No text is selected.
GPUIO_WINDOW_SELECTION_OK: exact Unicode read, end/clear, windows and remount
