AX_WAIT A little context goes a long way
AX_PRESS Comfortable
AX_PRESS Markdown & code
AX_WAIT Markdown preview
DOCUMENT_SCROLL_TARGET [597.5, 617.5, 761.0, 350.0] point (978.0, 792.5)
DOCUMENT_SCROLL_TARGET [597.5, 537.5, 761.0, 350.0] point (978.0, 712.5)
GALLERY_FOCUS_READY Inspect highlighted code requests= 1
AX_WAIT (Data Inspect_code)
 AXWindow ['GPUIO · Component Studio 1', '', '']
  AXGroup ['', '', '']
   AXStaticText ['GPUIO', '', '']
   AXStaticText ['COMPONENT STUDIO', '', '']
   AXSplitter ['', '', '']
   AXButton ['Presentation', '', '']
   AXButton ['Settings', '', '']
   AXButton ['Styling details', '', '']
   AXButton ['Selection & actions', '', '']
   AXButton ['Text editing', '', '']
   AXButton ['Numbers & codes', '', '']
   AXButton ['Dates & colors', '', '']
   AXButton ['Overlays & help', '', '']
   AXButton ['Navigation & layout', '', '']
   AXButton ['Commands & feedback', '', '']
   AXButton ['Carousels & journeys', '', '']
   AXButton ['Lists, trees & tables', '', '']
   AXButton ['Markdown & code', '', '']
   AXButton ['Find & highlight', '', '']
   AXButton ['Canvas & drawing', '', '']
   AXButton ['Images & icons', '', '']
   AXButton ['Charts & data', '', '']
   AXButton ['Motion & rhythm', '', '']
   AXButton ['Native extensions', '', '']
   AXButton ['Input & transfers', '', '']
   AXButton ['Input observations', '', '']
   AXButton ['Responsive layouts', '', '']
   AXButton ['Desktop services', '', '']
   AXButton ['Runtime & windows', '', '']
   AXStaticText ['Built with OCaml.\nRendered natively.', '', '']
   AXStaticText ['Markdown & code', '', '']
   AXStaticText ['Rich documents, precise code and thoughtful change reviews.', '', '']
   AXButton ['Dark', '', '']
   AXButton ['Follow system', '', '']
   AXButton ['Large', '', '']
   AXButton ['New window', '', '']
   AXGroup ['Component preview', '', '']
    AXButton ['Markdown', '', '']
    AXButton ['HTML', '', '']
    AXButton ['Code', '', '']
    AXButton ['Diff', '', '']
    AXButton ['Image alternatives', '', '']
    AXStaticText ['Words that keep their shape', '', '']
    AXCheckBox ['YAML frontmatter', '', '']
    AXCheckBox ['Metadata descriptions', '', '']
    AXCheckBox ['MDX syntax (no evaluation)', '', '']
    AXCheckBox ['Refined reader styling', '', '']
    AXButton ['Append a finding', '', '']
    AXButton ['Reset document', '', '']
    AXButton ['Try unsupported YAML', '', '']
    AXCheckBox ['Highlight let', '', '']
    AXCheckBox ['Copy selection as Markdown', '', '']
    AXCheckBox ['Native document profile', '', '']
    AXCheckBox ['Amber code highlights', '', '']
    AXCheckBox ['Custom block actions', '', '']
    AXCheckBox ['Enable custom actions', '', '']
    AXCheckBox ['Native Copy buttons', '', '']
    AXGroup ['Markdown preview', '', '']
     AXButton ['Collapse', '', '']
     AXButton ['Copy source', '', '']
     AXGroup ['Document content', '', '']
      AXList ['', '', '']
       AXGroup ['', '', '']
        AXGroup ['', '', '']
         AXStaticText ['', '', 'Explore a direction']
       AXGroup ['', '', '']
        AXGroup ['', '', '']
         AXStaticText ['', '', 'Keep the useful details']
       AXGroup ['', '', '']
        AXGroup ['', '', '']
         AXStaticText ['', '', 'Share what you learn']
      AXGroup ['', '', '']
       AXGroup ['', '', '']
        AXStaticText ['', '', '<Note>']
        AXStaticText ['', '', 'MDX keeps useful child content; expressions stay text: {1 + 2}.']
        AXStaticText ['', '', '</Note>']
      AXGroup ['', '', '']
       AXGroup ['', '', '']
        AXStaticText ['', '', 'Before ']
        AXLink ['Read the design notes', '', '']
        AXStaticText ['', '', ' and ']
        AXLink ['世界 guide', '', '']
        AXStaticText ['', '', ' after.']
      AXTable ['', '', '']
      AXButton ['Summarize native table', '', '']
      AXStaticText ['', '', 'let next_step = "Explore"']
      AXButton ['Inspect highlighted code', '', '']
    AXStaticText ['Markdown profile · inline and block controls', '', '']
    AXGroup ['Native review controls', '', '']
     AXButton ['Collapse', '', '']
     AXButton ['Copy source', '', '']
     AXGroup ['Document content', '', '']
      AXGroup ['', '', '']
       AXGroup ['', '', '']
        AXStaticText ['', '', 'Open ']
        AXButton ['Review details', '', '']
        AXStaticText ['', '', ' details, or inspect the card below.']
      AXButton ['Open review card', '', '']
      AXButton ['Show review start', '', '']
      AXButton ['Show review end', '', '']
      AXGroup ['Review checklist viewport', '', '']
       AXButton ['Open scroll review', '', '']
    AXStaticText ['Application reader defaults', '', '']
    AXStaticText ['Launch with --document-defaults for wider paragraph spacing and Markdown selection copy. Compare inherited, built-in and explicit settings below.', '', '']
    AXButton ['Inherit', '', '']
    AXButton ['Built-in', '', '']
    AXButton ['Compact override', '', '']
    AXGroup ['Reader defaults preview', '', '']
     AXButton ['Collapse', '', '']
     AXButton ['Copy source', '', '']
     AXGroup ['Document content', '', '']
      AXGroup ['', '', '']
       AXGroup ['', '', '']
        AXStaticText ['', '', 'Open ']
        AXStaticText ['', '', 'review']
        AXStaticText ['', '', ' details, or inspect the card below.']
      AXStaticText ['', '', 'Review the next step']
      AXButton ['Copy code', '', '']
      AXStaticText ['', '', 'An independent checklist']
      AXButton ['Copy code', '', '']
    AXStaticText ['Ready to explore', '', '']
    AXStaticText ['Select and copy native text. Links and line references return an application request.', '', '']
    AXButton ['Expand preview', '', '']
    AXStaticText ['More content available', '', '']
    AXGroup ['Compact preview', '', '']
     AXButton ['Collapse', '', '']
     AXButton ['Copy source', '', '']
     AXGroup ['Document content', '', '']
      AXHeading ['', '', '']
       AXStaticText ['', '', 'name: Design notes status: Draft']
      AXHeading ['', '', '']
       AXStaticText ['', '', 'A place for ideas']
      AXGroup ['', '', '']
       AXStaticText ['', '', 'A native Markdown preview with Unicode: 世界 · 👨\u200d👩\u200d👧\u200d👦.']
  AXButton ['', '', '']
  AXButton ['', '', '']
   AXGroup ['', '', '']
    AXGroup ['', '', '']
  AXButton ['', '', '']
  AXStaticText ['', '', 'GPUIO · Component Studio 1']
Traceback (most recent call last):
  File "/Users/dakotamurphy/gpuio/scripts/test_macos_document_profile.py", line 281, in <module>
    main()
    ~~~~^^
  File "/Users/dakotamurphy/gpuio/scripts/test_macos_document_profile.py", line 98, in main
    accepted(event)
    ~~~~~~~~^^^^^^^
  File "/Users/dakotamurphy/gpuio/scripts/test_macos_document_profile.py", line 80, in accepted
    mac.wait_text(TITLE, '(Data ' + event + ')')
    ~~~~~~~~~~~~~^^^^^^^^^^^^^^^^^^^^^^^^^^^^^^^
  File "/Users/dakotamurphy/gpuio/scripts/test_agent_chat.py", line 215, in wait_text
    node = self.wait_find(title, text, contains=True)
  File "/Users/dakotamurphy/gpuio/scripts/test_agent_chat.py", line 182, in wait_find
    raise RuntimeError(f'Timed out finding {label!r} ({role}) in {title}')
RuntimeError: Timed out finding '(Data Inspect_code)' (None) in GPUIO · Component Studio 1
