patching file src/app/test_context.rs
patching file src/assets.rs
patching file src/element.rs
patching file src/elements/div.rs
patching file src/elements/list/axis.rs
patching file src/elements/list.rs
patching file src/input.rs
patching file src/platform/test/window.rs
patching file src/platform.rs
patching file src/profiler.rs
patching file src/scene.rs
patching file src/tab_stop.rs
patching file src/window/a11y.rs
patching file src/window.rs
patching file Cargo.toml
patching file src/gpui.rs
patching file src/profiler.rs
patching file src/window.rs
patching file src/presentation.rs
Reconstructed gpui at a57ba9b17c433ea1ebfdec8f649f4fa5a402d03b
